Archive member included to satisfy reference by file (symbol)

c:/st/stm32cubeide_1.7.0/stm32cubeide/plugins/com.st.stm32cube.ide.mcu.externaltools.gnu-tools-for-stm32.9-2020-q2-update.win32_2.0.0.202105311346/tools/bin/../lib/gcc/arm-none-eabi/9.3.1/../../../../arm-none-eabi/lib/thumb/v7e-m+dp/hard\libc_nano.a(lib_a-errno.o)
                              ./Core/Src/syscalls.o (__errno)
c:/st/stm32cubeide_1.7.0/stm32cubeide/plugins/com.st.stm32cube.ide.mcu.externaltools.gnu-tools-for-stm32.9-2020-q2-update.win32_2.0.0.202105311346/tools/bin/../lib/gcc/arm-none-eabi/9.3.1/../../../../arm-none-eabi/lib/thumb/v7e-m+dp/hard\libc_nano.a(lib_a-exit.o)
                              c:/st/stm32cubeide_1.7.0/stm32cubeide/plugins/com.st.stm32cube.ide.mcu.externaltools.gnu-tools-for-stm32.9-2020-q2-update.win32_2.0.0.202105311346/tools/bin/../lib/gcc/arm-none-eabi/9.3.1/../../../../arm-none-eabi/lib/thumb/v7e-m+dp/hard/crt0.o (exit)
c:/st/stm32cubeide_1.7.0/stm32cubeide/plugins/com.st.stm32cube.ide.mcu.externaltools.gnu-tools-for-stm32.9-2020-q2-update.win32_2.0.0.202105311346/tools/bin/../lib/gcc/arm-none-eabi/9.3.1/../../../../arm-none-eabi/lib/thumb/v7e-m+dp/hard\libc_nano.a(lib_a-impure.o)
                              c:/st/stm32cubeide_1.7.0/stm32cubeide/plugins/com.st.stm32cube.ide.mcu.externaltools.gnu-tools-for-stm32.9-2020-q2-update.win32_2.0.0.202105311346/tools/bin/../lib/gcc/arm-none-eabi/9.3.1/../../../../arm-none-eabi/lib/thumb/v7e-m+dp/hard\libc_nano.a(lib_a-exit.o) (_global_impure_ptr)
c:/st/stm32cubeide_1.7.0/stm32cubeide/plugins/com.st.stm32cube.ide.mcu.externaltools.gnu-tools-for-stm32.9-2020-q2-update.win32_2.0.0.202105311346/tools/bin/../lib/gcc/arm-none-eabi/9.3.1/../../../../arm-none-eabi/lib/thumb/v7e-m+dp/hard\libc_nano.a(lib_a-init.o)
                              c:/st/stm32cubeide_1.7.0/stm32cubeide/plugins/com.st.stm32cube.ide.mcu.externaltools.gnu-tools-for-stm32.9-2020-q2-update.win32_2.0.0.202105311346/tools/bin/../lib/gcc/arm-none-eabi/9.3.1/../../../../arm-none-eabi/lib/thumb/v7e-m+dp/hard/crt0.o (__libc_init_array)
c:/st/stm32cubeide_1.7.0/stm32cubeide/plugins/com.st.stm32cube.ide.mcu.externaltools.gnu-tools-for-stm32.9-2020-q2-update.win32_2.0.0.202105311346/tools/bin/../lib/gcc/arm-none-eabi/9.3.1/../../../../arm-none-eabi/lib/thumb/v7e-m+dp/hard\libc_nano.a(lib_a-memset.o)
                              c:/st/stm32cubeide_1.7.0/stm32cubeide/plugins/com.st.stm32cube.ide.mcu.externaltools.gnu-tools-for-stm32.9-2020-q2-update.win32_2.0.0.202105311346/tools/bin/../lib/gcc/arm-none-eabi/9.3.1/../../../../arm-none-eabi/lib/thumb/v7e-m+dp/hard/crt0.o (memset)
c:/st/stm32cubeide_1.7.0/stm32cubeide/plugins/com.st.stm32cube.ide.mcu.externaltools.gnu-tools-for-stm32.9-2020-q2-update.win32_2.0.0.202105311346/tools/bin/../lib/gcc/arm-none-eabi/9.3.1/thumb/v7e-m+dp/hard\libgcc.a(_aeabi_uldivmod.o)
                              ./Drivers/STM32H7xx_HAL_Driver/Src/stm32h7xx_hal_uart.o (__aeabi_uldivmod)
c:/st/stm32cubeide_1.7.0/stm32cubeide/plugins/com.st.stm32cube.ide.mcu.externaltools.gnu-tools-for-stm32.9-2020-q2-update.win32_2.0.0.202105311346/tools/bin/../lib/gcc/arm-none-eabi/9.3.1/thumb/v7e-m+dp/hard\libgcc.a(_udivmoddi4.o)
                              c:/st/stm32cubeide_1.7.0/stm32cubeide/plugins/com.st.stm32cube.ide.mcu.externaltools.gnu-tools-for-stm32.9-2020-q2-update.win32_2.0.0.202105311346/tools/bin/../lib/gcc/arm-none-eabi/9.3.1/thumb/v7e-m+dp/hard\libgcc.a(_aeabi_uldivmod.o) (__udivmoddi4)
c:/st/stm32cubeide_1.7.0/stm32cubeide/plugins/com.st.stm32cube.ide.mcu.externaltools.gnu-tools-for-stm32.9-2020-q2-update.win32_2.0.0.202105311346/tools/bin/../lib/gcc/arm-none-eabi/9.3.1/thumb/v7e-m+dp/hard\libgcc.a(_dvmd_tls.o)
                              c:/st/stm32cubeide_1.7.0/stm32cubeide/plugins/com.st.stm32cube.ide.mcu.externaltools.gnu-tools-for-stm32.9-2020-q2-update.win32_2.0.0.202105311346/tools/bin/../lib/gcc/arm-none-eabi/9.3.1/thumb/v7e-m+dp/hard\libgcc.a(_aeabi_uldivmod.o) (__aeabi_ldiv0)

Allocating common symbols
Common symbol       size              file

hpcd_USB_OTG_HS     0x408             ./USB_DEVICE/Target/usbd_conf.o
hi2c1               0x4c              ./Core/Src/main.o
uwTick              0x4               ./Drivers/STM32H7xx_HAL_Driver/Src/stm32h7xx_hal.o
pFlash              0x1c              ./Drivers/STM32H7xx_HAL_Driver/Src/stm32h7xx_hal_flash.o
hUsbDeviceHS        0x2d0             ./USB_DEVICE/App/usb_device.o
huart4              0x90              ./Core/Src/main.o
heth                0x88              ./Core/Src/main.o
USBD_StrDesc        0x200             ./USB_DEVICE/App/usbd_desc.o
TxConfig            0x34              ./Core/Src/main.o

Discarded input sections

 .text          0x0000000000000000        0x0 c:/st/stm32cubeide_1.7.0/stm32cubeide/plugins/com.st.stm32cube.ide.mcu.externaltools.gnu-tools-for-stm32.9-2020-q2-update.win32_2.0.0.202105311346/tools/bin/../lib/gcc/arm-none-eabi/9.3.1/thumb/v7e-m+dp/hard/crti.o
[...]
Memory Configuration

Name             Origin             Length             Attributes
ITCMRAM          0x0000000000000000 0x0000000000010000 xrw
DTCMRAM          0x0000000020000000 0x0000000000020000 xrw
FLASH            0x0000000008000000 0x0000000000020000 xr
RAM_D1           0x0000000024000000 0x0000000000050000 xrw
RAM_D2           0x0000000030000000 0x0000000000008000 xrw
RAM_D3           0x0000000038000000 0x0000000000004000 xrw
*default*        0x0000000000000000 0xffffffffffffffff

Linker script and memory map

LOAD c:/st/stm32cubeide_1.7.0/stm32cubeide/plugins/com.st.stm32cube.ide.mcu.externaltools.gnu-tools-for-stm32.9-2020-q2-update.win32_2.0.0.202105311346/tools/bin/../lib/gcc/arm-none-eabi/9.3.1/thumb/v7e-m+dp/hard/crti.o
LOAD c:/st/stm32cubeide_1.7.0/stm32cubeide/plugins/com.st.stm32cube.ide.mcu.externaltools.gnu-tools-for-stm32.9-2020-q2-update.win32_2.0.0.202105311346/tools/bin/../lib/gcc/arm-none-eabi/9.3.1/thumb/v7e-m+dp/hard/crtbegin.o
LOAD c:/st/stm32cubeide_1.7.0/stm32cubeide/plugins/com.st.stm32cube.ide.mcu.externaltools.gnu-tools-for-stm32.9-2020-q2-update.win32_2.0.0.202105311346/tools/bin/../lib/gcc/arm-none-eabi/9.3.1/../../../../arm-none-eabi/lib/thumb/v7e-m+dp/hard/crt0.o
LOAD ./Core/Src/main.o
LOAD ./Core/Src/stm32h7xx_hal_msp.o
LOAD ./Core/Src/stm32h7xx_it.o
LOAD ./Core/Src/syscalls.o
LOAD ./Core/Src/sysmem.o
LOAD ./Core/Src/system_stm32h7xx.o
LOAD ./Core/Startup/startup_stm32h730vbhx.o
LOAD ./Drivers/STM32H7xx_HAL_Driver/Src/stm32h7xx_hal.o
LOAD ./Drivers/STM32H7xx_HAL_Driver/Src/stm32h7xx_hal_cortex.o
LOAD ./Drivers/STM32H7xx_HAL_Driver/Src/stm32h7xx_hal_dma.o
LOAD ./Drivers/STM32H7xx_HAL_Driver/Src/stm32h7xx_hal_dma_ex.o
LOAD ./Drivers/STM32H7xx_HAL_Driver/Src/stm32h7xx_hal_eth.o
LOAD ./Drivers/STM32H7xx_HAL_Driver/Src/stm32h7xx_hal_eth_ex.o
LOAD ./Drivers/STM32H7xx_HAL_Driver/Src/stm32h7xx_hal_exti.o
LOAD ./Drivers/STM32H7xx_HAL_Driver/Src/stm32h7xx_hal_flash.o
LOAD ./Drivers/STM32H7xx_HAL_Driver/Src/stm32h7xx_hal_flash_ex.o
LOAD ./Drivers/STM32H7xx_HAL_Driver/Src/stm32h7xx_hal_gpio.o
LOAD ./Drivers/STM32H7xx_HAL_Driver/Src/stm32h7xx_hal_hsem.o
LOAD ./Drivers/STM32H7xx_HAL_Driver/Src/stm32h7xx_hal_i2c.o
LOAD ./Drivers/STM32H7xx_HAL_Driver/Src/stm32h7xx_hal_i2c_ex.o
LOAD ./Drivers/STM32H7xx_HAL_Driver/Src/stm32h7xx_hal_mdma.o
LOAD ./Drivers/STM32H7xx_HAL_Driver/Src/stm32h7xx_hal_pcd.o
LOAD ./Drivers/STM32H7xx_HAL_Driver/Src/stm32h7xx_hal_pcd_ex.o
LOAD ./Drivers/STM32H7xx_HAL_Driver/Src/stm32h7xx_hal_pwr.o
LOAD ./Drivers/STM32H7xx_HAL_Driver/Src/stm32h7xx_hal_pwr_ex.o
LOAD ./Drivers/STM32H7xx_HAL_Driver/Src/stm32h7xx_hal_rcc.o
LOAD ./Drivers/STM32H7xx_HAL_Driver/Src/stm32h7xx_hal_rcc_ex.o
LOAD ./Drivers/STM32H7xx_HAL_Driver/Src/stm32h7xx_hal_tim.o
LOAD ./Drivers/STM32H7xx_HAL_Driver/Src/stm32h7xx_hal_tim_ex.o
LOAD ./Drivers/STM32H7xx_HAL_Driver/Src/stm32h7xx_hal_uart.o
LOAD ./Drivers/STM32H7xx_HAL_Driver/Src/stm32h7xx_hal_uart_ex.o
LOAD ./Drivers/STM32H7xx_HAL_Driver/Src/stm32h7xx_ll_usb.o
LOAD ./Middlewares/ST/STM32_USB_Device_Library/Class/HID/Src/usbd_hid.o
LOAD ./Middlewares/ST/STM32_USB_Device_Library/Core/Src/usbd_core.o
LOAD ./Middlewares/ST/STM32_USB_Device_Library/Core/Src/usbd_ctlreq.o
LOAD ./Middlewares/ST/STM32_USB_Device_Library/Core/Src/usbd_ioreq.o
LOAD ./USB_DEVICE/App/usb_device.o
LOAD ./USB_DEVICE/App/usbd_desc.o
LOAD ./USB_DEVICE/Target/usbd_conf.o
START GROUP
LOAD c:/st/stm32cubeide_1.7.0/stm32cubeide/plugins/com.st.stm32cube.ide.mcu.externaltools.gnu-tools-for-stm32.9-2020-q2-update.win32_2.0.0.202105311346/tools/bin/../lib/gcc/arm-none-eabi/9.3.1/../../../../arm-none-eabi/lib/thumb/v7e-m+dp/hard\libstdc++_nano.a
LOAD c:/st/stm32cubeide_1.7.0/stm32cubeide/plugins/com.st.stm32cube.ide.mcu.externaltools.gnu-tools-for-stm32.9-2020-q2-update.win32_2.0.0.202105311346/tools/bin/../lib/gcc/arm-none-eabi/9.3.1/../../../../arm-none-eabi/lib/thumb/v7e-m+dp/hard\libsupc++_nano.a
END GROUP
LOAD c:/st/stm32cubeide_1.7.0/stm32cubeide/plugins/com.st.stm32cube.ide.mcu.externaltools.gnu-tools-for-stm32.9-2020-q2-update.win32_2.0.0.202105311346/tools/bin/../lib/gcc/arm-none-eabi/9.3.1/../../../../arm-none-eabi/lib/thumb/v7e-m+dp/hard\libstdc++_nano.a
LOAD c:/st/stm32cubeide_1.7.0/stm32cubeide/plugins/com.st.stm32cube.ide.mcu.externaltools.gnu-tools-for-stm32.9-2020-q2-update.win32_2.0.0.202105311346/tools/bin/../lib/gcc/arm-none-eabi/9.3.1/../../../../arm-none-eabi/lib/thumb/v7e-m+dp/hard\libm.a
LOAD c:/st/stm32cubeide_1.7.0/stm32cubeide/plugins/com.st.stm32cube.ide.mcu.externaltools.gnu-tools-for-stm32.9-2020-q2-update.win32_2.0.0.202105311346/tools/bin/../lib/gcc/arm-none-eabi/9.3.1/../../../../arm-none-eabi/lib/thumb/v7e-m+dp/hard\libc_nano.a
START GROUP
LOAD c:/st/stm32cubeide_1.7.0/stm32cubeide/plugins/com.st.stm32cube.ide.mcu.externaltools.gnu-tools-for-stm32.9-2020-q2-update.win32_2.0.0.202105311346/tools/bin/../lib/gcc/arm-none-eabi/9.3.1/thumb/v7e-m+dp/hard\libgcc.a
LOAD c:/st/stm32cubeide_1.7.0/stm32cubeide/plugins/com.st.stm32cube.ide.mcu.externaltools.gnu-tools-for-stm32.9-2020-q2-update.win32_2.0.0.202105311346/tools/bin/../lib/gcc/arm-none-eabi/9.3.1/../../../../arm-none-eabi/lib/thumb/v7e-m+dp/hard\libc_nano.a
END GROUP
START GROUP
LOAD c:/st/stm32cubeide_1.7.0/stm32cubeide/plugins/com.st.stm32cube.ide.mcu.externaltools.gnu-tools-for-stm32.9-2020-q2-update.win32_2.0.0.202105311346/tools/bin/../lib/gcc/arm-none-eabi/9.3.1/thumb/v7e-m+dp/hard\libgcc.a
LOAD c:/st/stm32cubeide_1.7.0/stm32cubeide/plugins/com.st.stm32cube.ide.mcu.externaltools.gnu-tools-for-stm32.9-2020-q2-update.win32_2.0.0.202105311346/tools/bin/../lib/gcc/arm-none-eabi/9.3.1/../../../../arm-none-eabi/lib/thumb/v7e-m+dp/hard\libc_nano.a
LOAD c:/st/stm32cubeide_1.7.0/stm32cubeide/plugins/com.st.stm32cube.ide.mcu.externaltools.gnu-tools-for-stm32.9-2020-q2-update.win32_2.0.0.202105311346/tools/bin/../lib/gcc/arm-none-eabi/9.3.1/../../../../arm-none-eabi/lib/thumb/v7e-m+dp/hard\libnosys.a
END GROUP
START GROUP
LOAD c:/st/stm32cubeide_1.7.0/stm32cubeide/plugins/com.st.stm32cube.ide.mcu.externaltools.gnu-tools-for-stm32.9-2020-q2-update.win32_2.0.0.202105311346/tools/bin/../lib/gcc/arm-none-eabi/9.3.1/thumb/v7e-m+dp/hard\libgcc.a
LOAD c:/st/stm32cubeide_1.7.0/stm32cubeide/plugins/com.st.stm32cube.ide.mcu.externaltools.gnu-tools-for-stm32.9-2020-q2-update.win32_2.0.0.202105311346/tools/bin/../lib/gcc/arm-none-eabi/9.3.1/../../../../arm-none-eabi/lib/thumb/v7e-m+dp/hard\libc_nano.a
LOAD c:/st/stm32cubeide_1.7.0/stm32cubeide/plugins/com.st.stm32cube.ide.mcu.externaltools.gnu-tools-for-stm32.9-2020-q2-update.win32_2.0.0.202105311346/tools/bin/../lib/gcc/arm-none-eabi/9.3.1/../../../../arm-none-eabi/lib/thumb/v7e-m+dp/hard\libnosys.a
END GROUP
LOAD c:/st/stm32cubeide_1.7.0/stm32cubeide/plugins/com.st.stm32cube.ide.mcu.externaltools.gnu-tools-for-stm32.9-2020-q2-update.win32_2.0.0.202105311346/tools/bin/../lib/gcc/arm-none-eabi/9.3.1/thumb/v7e-m+dp/hard/crtend.o
LOAD c:/st/stm32cubeide_1.7.0/stm32cubeide/plugins/com.st.stm32cube.ide.mcu.externaltools.gnu-tools-for-stm32.9-2020-q2-update.win32_2.0.0.202105311346/tools/bin/../lib/gcc/arm-none-eabi/9.3.1/thumb/v7e-m+dp/hard/crtn.o
                0x0000000024050000                _estack = (ORIGIN (RAM_D1) + LENGTH (RAM_D1))
                0x0000000000000200                _Min_Heap_Size = 0x200
                0x0000000000000400                _Min_Stack_Size = 0x400

.isr_vector     0x0000000008000000      0x2cc
                0x0000000008000000                . = ALIGN (0x4)
 *(.isr_vector)
 .isr_vector    0x0000000008000000      0x2cc ./Core/Startup/startup_stm32h730vbhx.o
                0x0000000008000000                g_pfnVectors
                0x00000000080002cc                . = ALIGN (0x4)

.text           0x00000000080002cc     0x9d1c
                0x00000000080002cc                . = ALIGN (0x4)
 *(.text)
 .text          0x00000000080002cc       0x40 c:/st/stm32cubeide_1.7.0/stm32cubeide/plugins/com.st.stm32cube.ide.mcu.externaltools.gnu-tools-for-stm32.9-2020-q2-update.win32_2.0.0.202105311346/tools/bin/../lib/gcc/arm-none-eabi/9.3.1/thumb/v7e-m+dp/hard/crtbegin.o
 .text          0x000000000800030c       0x30 c:/st/stm32cubeide_1.7.0/stm32cubeide/plugins/com.st.stm32cube.ide.mcu.externaltools.gnu-tools-for-stm32.9-2020-q2-update.win32_2.0.0.202105311346/tools/bin/../lib/gcc/arm-none-eabi/9.3.1/thumb/v7e-m+dp/hard\libgcc.a(_aeabi_uldivmod.o)
                0x000000000800030c                __aeabi_uldivmod
 .text          0x000000000800033c      0x2c4 c:/st/stm32cubeide_1.7.0/stm32cubeide/plugins/com.st.stm32cube.ide.mcu.externaltools.gnu-tools-for-stm32.9-2020-q2-update.win32_2.0.0.202105311346/tools/bin/../lib/gcc/arm-none-eabi/9.3.1/thumb/v7e-m+dp/hard\libgcc.a(_udivmoddi4.o)
                0x000000000800033c                __udivmoddi4
 .text          0x0000000008000600        0x4 c:/st/stm32cubeide_1.7.0/stm32cubeide/plugins/com.st.stm32cube.ide.mcu.externaltools.gnu-tools-for-stm32.9-2020-q2-update.win32_2.0.0.202105311346/tools/bin/../lib/gcc/arm-none-eabi/9.3.1/thumb/v7e-m+dp/hard\libgcc.a(_dvmd_tls.o)
                0x0000000008000600                __aeabi_idiv0
                0x0000000008000600                __aeabi_ldiv0
 *(.text*)
 .text.main     0x0000000008000604       0x22 ./Core/Src/main.o
                0x0000000008000604                main
 *fill*         0x0000000008000626        0x2 
 .text.SystemClock_Config
                0x0000000008000628       0xbc ./Core/Src/main.o
                0x0000000008000628                SystemClock_Config
 .text.MX_ETH_Init
                0x00000000080006e4       0x98 ./Core/Src/main.o
 .text.MX_I2C1_Init
                0x000000000800077c       0x80 ./Core/Src/main.o
 .text.MX_UART4_Init
                0x00000000080007fc       0x98 ./Core/Src/main.o
 .text.MX_GPIO_Init
                0x0000000008000894       0xc4 ./Core/Src/main.o
 .text.Error_Handler
                0x0000000008000958        0xa ./Core/Src/main.o
                0x0000000008000958                Error_Handler
 *fill*         0x0000000008000962        0x2 
 .text.HAL_MspInit
                0x0000000008000964       0x34 ./Core/Src/stm32h7xx_hal_msp.o
                0x0000000008000964                HAL_MspInit
 .text.HAL_ETH_MspInit
                0x0000000008000998      0x158 ./Core/Src/stm32h7xx_hal_msp.o
                0x0000000008000998                HAL_ETH_MspInit
 .text.HAL_I2C_MspInit
                0x0000000008000af0       0xcc ./Core/Src/stm32h7xx_hal_msp.o
                0x0000000008000af0                HAL_I2C_MspInit
 .text.HAL_UART_MspInit
                0x0000000008000bbc       0xcc ./Core/Src/stm32h7xx_hal_msp.o
                0x0000000008000bbc                HAL_UART_MspInit
 .text.NMI_Handler
                0x0000000008000c88        0x6 ./Core/Src/stm32h7xx_it.o
                0x0000000008000c88                NMI_Handler
 .text.HardFault_Handler
                0x0000000008000c8e        0x6 ./Core/Src/stm32h7xx_it.o
                0x0000000008000c8e                HardFault_Handler
 .text.MemManage_Handler
                0x0000000008000c94        0x6 ./Core/Src/stm32h7xx_it.o
                0x0000000008000c94                MemManage_Handler
 .text.BusFault_Handler
                0x0000000008000c9a        0x6 ./Core/Src/stm32h7xx_it.o
                0x0000000008000c9a                BusFault_Handler
 .text.UsageFault_Handler
                0x0000000008000ca0        0x6 ./Core/Src/stm32h7xx_it.o
                0x0000000008000ca0                UsageFault_Handler
 .text.SVC_Handler
                0x0000000008000ca6        0xe ./Core/Src/stm32h7xx_it.o
                0x0000000008000ca6                SVC_Handler
 .text.DebugMon_Handler
                0x0000000008000cb4        0xe ./Core/Src/stm32h7xx_it.o
                0x0000000008000cb4                DebugMon_Handler
 .text.PendSV_Handler
                0x0000000008000cc2        0xe ./Core/Src/stm32h7xx_it.o
                0x0000000008000cc2                PendSV_Handler
 .text.SysTick_Handler
                0x0000000008000cd0        0xc ./Core/Src/stm32h7xx_it.o
                0x0000000008000cd0                SysTick_Handler
 .text.OTG_HS_IRQHandler
                0x0000000008000cdc       0x14 ./Core/Src/stm32h7xx_it.o
                0x0000000008000cdc                OTG_HS_IRQHandler
 .text.SystemInit
                0x0000000008000cf0       0xf8 ./Core/Src/system_stm32h7xx.o
                0x0000000008000cf0                SystemInit
 .text.Reset_Handler
                0x0000000008000de8       0x50 ./Core/Startup/startup_stm32h730vbhx.o
                0x0000000008000de8                Reset_Handler
 .text.Default_Handler
                0x0000000008000e38        0x2 ./Core/Startup/startup_stm32h730vbhx.o
                0x0000000008000e38                RTC_Alarm_IRQHandler
                0x0000000008000e38                HASH_RNG_IRQHandler
                0x0000000008000e38                EXTI2_IRQHandler
                0x0000000008000e38                TIM8_CC_IRQHandler
                0x0000000008000e38                UART8_IRQHandler
                0x0000000008000e38                SPI4_IRQHandler
                0x0000000008000e38                FDCAN3_IT0_IRQHandler
                0x0000000008000e38                TIM1_CC_IRQHandler
                0x0000000008000e38                BDMA_Channel6_IRQHandler
                0x0000000008000e38                DMA2_Stream5_IRQHandler
                0x0000000008000e38                DMA1_Stream5_IRQHandler
                0x0000000008000e38                CORDIC_IRQHandler
                0x0000000008000e38                BDMA_Channel1_IRQHandler
                0x0000000008000e38                TAMP_STAMP_IRQHandler
                0x0000000008000e38                EXTI3_IRQHandler
                0x0000000008000e38                LPTIM4_IRQHandler
                0x0000000008000e38                TIM8_TRG_COM_TIM14_IRQHandler
                0x0000000008000e38                LPTIM2_IRQHandler
                0x0000000008000e38                DFSDM1_FLT1_IRQHandler
                0x0000000008000e38                DMAMUX2_OVR_IRQHandler
                0x0000000008000e38                TIM8_UP_TIM13_IRQHandler
                0x0000000008000e38                I2C3_ER_IRQHandler
                0x0000000008000e38                DFSDM1_FLT2_IRQHandler
                0x0000000008000e38                I2C5_EV_IRQHandler
                0x0000000008000e38                USART10_IRQHandler
                0x0000000008000e38                MDMA_IRQHandler
                0x0000000008000e38                LPTIM3_IRQHandler
                0x0000000008000e38                HSEM1_IRQHandler
                0x0000000008000e38                EXTI0_IRQHandler
                0x0000000008000e38                I2C2_EV_IRQHandler
                0x0000000008000e38                DMA1_Stream2_IRQHandler
                0x0000000008000e38                FPU_IRQHandler
                0x0000000008000e38                OTG_HS_WKUP_IRQHandler
                0x0000000008000e38                FDCAN1_IT1_IRQHandler
                0x0000000008000e38                LTDC_ER_IRQHandler
                0x0000000008000e38                DMA2_Stream2_IRQHandler
                0x0000000008000e38                SPI1_IRQHandler
                0x0000000008000e38                OCTOSPI1_IRQHandler
                0x0000000008000e38                TIM6_DAC_IRQHandler
                0x0000000008000e38                DMA2_Stream3_IRQHandler
                0x0000000008000e38                OCTOSPI2_IRQHandler
                0x0000000008000e38                DFSDM1_FLT3_IRQHandler
                0x0000000008000e38                TIM23_IRQHandler
                0x0000000008000e38                USART6_IRQHandler
                0x0000000008000e38                TIM17_IRQHandler
                0x0000000008000e38                USART3_IRQHandler
                0x0000000008000e38                BDMA_Channel7_IRQHandler
                0x0000000008000e38                CRYP_IRQHandler
                0x0000000008000e38                LPTIM5_IRQHandler
                0x0000000008000e38                UART5_IRQHandler
                0x0000000008000e38                ADC3_IRQHandler
                0x0000000008000e38                DMA2_Stream0_IRQHandler
                0x0000000008000e38                TIM4_IRQHandler
                0x0000000008000e38                BDMA_Channel2_IRQHandler
                0x0000000008000e38                I2C1_EV_IRQHandler
                0x0000000008000e38                DMA1_Stream6_IRQHandler
                0x0000000008000e38                DMAMUX1_OVR_IRQHandler
                0x0000000008000e38                DMA1_Stream1_IRQHandler
                0x0000000008000e38                TIM16_IRQHandler
                0x0000000008000e38                UART4_IRQHandler
                0x0000000008000e38                BDMA_Channel5_IRQHandler
                0x0000000008000e38                TIM3_IRQHandler
                0x0000000008000e38                RCC_IRQHandler
                0x0000000008000e38                UART9_IRQHandler
                0x0000000008000e38                TIM8_BRK_TIM12_IRQHandler
                0x0000000008000e38                TIM1_TRG_COM_IRQHandler
                0x0000000008000e38                Default_Handler
                0x0000000008000e38                ECC_IRQHandler
                0x0000000008000e38                FMAC_IRQHandler
                0x0000000008000e38                CEC_IRQHandler
                0x0000000008000e38                EXTI15_10_IRQHandler
                0x0000000008000e38                BDMA_Channel0_IRQHandler
                0x0000000008000e38                ADC_IRQHandler
                0x0000000008000e38                I2C5_ER_IRQHandler
                0x0000000008000e38                OTFDEC1_IRQHandler
                0x0000000008000e38                DMA1_Stream7_IRQHandler
                0x0000000008000e38                SPI5_IRQHandler
                0x0000000008000e38                TIM7_IRQHandler
                0x0000000008000e38                FDCAN3_IT1_IRQHandler
                0x0000000008000e38                SDMMC1_IRQHandler
                0x0000000008000e38                TIM5_IRQHandler
                0x0000000008000e38                DMA2_Stream7_IRQHandler
                0x0000000008000e38                TIM15_IRQHandler
                0x0000000008000e38                PVD_AVD_IRQHandler
                0x0000000008000e38                I2C3_EV_IRQHandler
                0x0000000008000e38                EXTI9_5_IRQHandler
                0x0000000008000e38                RTC_WKUP_IRQHandler
                0x0000000008000e38                LTDC_IRQHandler
                0x0000000008000e38                ETH_WKUP_IRQHandler
                0x0000000008000e38                SPDIF_RX_IRQHandler
                0x0000000008000e38                SPI2_IRQHandler
                0x0000000008000e38                OTG_HS_EP1_IN_IRQHandler
                0x0000000008000e38                DMA1_Stream0_IRQHandler
                0x0000000008000e38                OTFDEC2_IRQHandler
                0x0000000008000e38                TIM24_IRQHandler
                0x0000000008000e38                CRS_IRQHandler
                0x0000000008000e38                EXTI4_IRQHandler
                0x0000000008000e38                FDCAN2_IT1_IRQHandler
                0x0000000008000e38                ETH_IRQHandler
                0x0000000008000e38                TIM1_UP_IRQHandler
                0x0000000008000e38                BDMA_Channel4_IRQHandler
                0x0000000008000e38                OTG_HS_EP1_OUT_IRQHandler
                0x0000000008000e38                WWDG_IRQHandler
                0x0000000008000e38                SPI6_IRQHandler
                0x0000000008000e38                MDIOS_IRQHandler
                0x0000000008000e38                I2C4_EV_IRQHandler
                0x0000000008000e38                FDCAN2_IT0_IRQHandler
                0x0000000008000e38                LPUART1_IRQHandler
                0x0000000008000e38                FDCAN1_IT0_IRQHandler
                0x0000000008000e38                TIM2_IRQHandler
                0x0000000008000e38                DMA2D_IRQHandler
                0x0000000008000e38                TIM1_BRK_IRQHandler
                0x0000000008000e38                EXTI1_IRQHandler
                0x0000000008000e38                SDMMC2_IRQHandler
                0x0000000008000e38                BDMA_Channel3_IRQHandler
                0x0000000008000e38                DTS_IRQHandler
                0x0000000008000e38                UART7_IRQHandler
                0x0000000008000e38                MDIOS_WKUP_IRQHandler
                0x0000000008000e38                USART2_IRQHandler
                0x0000000008000e38                DFSDM1_FLT0_IRQHandler
                0x0000000008000e38                SAI4_IRQHandler
                0x0000000008000e38                I2C2_ER_IRQHandler
                0x0000000008000e38                DMA2_Stream1_IRQHandler
                0x0000000008000e38                FLASH_IRQHandler
                0x0000000008000e38                DMA2_Stream4_IRQHandler
                0x0000000008000e38                USART1_IRQHandler
                0x0000000008000e38                SPI3_IRQHandler
                0x0000000008000e38                WAKEUP_PIN_IRQHandler
                0x0000000008000e38                DMA1_Stream4_IRQHandler
                0x0000000008000e38                I2C1_ER_IRQHandler
                0x0000000008000e38                FMC_IRQHandler
                0x0000000008000e38                FDCAN_CAL_IRQHandler
                0x0000000008000e38                SWPMI1_IRQHandler
                0x0000000008000e38                COMP1_IRQHandler
                0x0000000008000e38                LPTIM1_IRQHandler
                0x0000000008000e38                DCMI_PSSI_IRQHandler
                0x0000000008000e38                I2C4_ER_IRQHandler
                0x0000000008000e38                DMA2_Stream6_IRQHandler
                0x0000000008000e38                SAI1_IRQHandler
                0x0000000008000e38                DMA1_Stream3_IRQHandler
 *fill*         0x0000000008000e3a        0x2 
 .text.HAL_Init
                0x0000000008000e3c       0x78 ./Drivers/STM32H7xx_HAL_Driver/Src/stm32h7xx_hal.o
                0x0000000008000e3c                HAL_Init
 .text.HAL_InitTick
                0x0000000008000eb4       0x6c ./Drivers/STM32H7xx_HAL_Driver/Src/stm32h7xx_hal.o
                0x0000000008000eb4                HAL_InitTick
 .text.HAL_IncTick
                0x0000000008000f20       0x28 ./Drivers/STM32H7xx_HAL_Driver/Src/stm32h7xx_hal.o
                0x0000000008000f20                HAL_IncTick
 .text.HAL_GetTick
                0x0000000008000f48       0x18 ./Drivers/STM32H7xx_HAL_Driver/Src/stm32h7xx_hal.o
                0x0000000008000f48                HAL_GetTick
 .text.HAL_Delay
                0x0000000008000f60       0x48 ./Drivers/STM32H7xx_HAL_Driver/Src/stm32h7xx_hal.o
                0x0000000008000f60                HAL_Delay
 .text.HAL_SYSCFG_ETHInterfaceSelect
                0x0000000008000fa8       0x28 ./Drivers/STM32H7xx_HAL_Driver/Src/stm32h7xx_hal.o
                0x0000000008000fa8                HAL_SYSCFG_ETHInterfaceSelect
 .text.__NVIC_SetPriorityGrouping
                0x0000000008000fd0       0x48 ./Drivers/STM32H7xx_HAL_Driver/Src/stm32h7xx_hal_cortex.o
 .text.__NVIC_GetPriorityGrouping
                0x0000000008001018       0x1c ./Drivers/STM32H7xx_HAL_Driver/Src/stm32h7xx_hal_cortex.o
 .text.__NVIC_EnableIRQ
                0x0000000008001034       0x3c ./Drivers/STM32H7xx_HAL_Driver/Src/stm32h7xx_hal_cortex.o
 .text.__NVIC_SetPriority
                0x0000000008001070       0x54 ./Drivers/STM32H7xx_HAL_Driver/Src/stm32h7xx_hal_cortex.o
 .text.NVIC_EncodePriority
                0x00000000080010c4       0x66 ./Drivers/STM32H7xx_HAL_Driver/Src/stm32h7xx_hal_cortex.o
 *fill*         0x000000000800112a        0x2 
 .text.SysTick_Config
                0x000000000800112c       0x44 ./Drivers/STM32H7xx_HAL_Driver/Src/stm32h7xx_hal_cortex.o
 .text.HAL_NVIC_SetPriorityGrouping
                0x0000000008001170       0x16 ./Drivers/STM32H7xx_HAL_Driver/Src/stm32h7xx_hal_cortex.o
                0x0000000008001170                HAL_NVIC_SetPriorityGrouping
 .text.HAL_NVIC_SetPriority
                0x0000000008001186       0x34 ./Drivers/STM32H7xx_HAL_Driver/Src/stm32h7xx_hal_cortex.o
                0x0000000008001186                HAL_NVIC_SetPriority
 .text.HAL_NVIC_EnableIRQ
                0x00000000080011ba       0x1c ./Drivers/STM32H7xx_HAL_Driver/Src/stm32h7xx_hal_cortex.o
                0x00000000080011ba                HAL_NVIC_EnableIRQ
 .text.HAL_SYSTICK_Config
                0x00000000080011d6       0x18 ./Drivers/STM32H7xx_HAL_Driver/Src/stm32h7xx_hal_cortex.o
                0x00000000080011d6                HAL_SYSTICK_Config
 *fill*         0x00000000080011ee        0x2 
 .text.HAL_ETH_Init
                0x00000000080011f0      0x1b4 ./Drivers/STM32H7xx_HAL_Driver/Src/stm32h7xx_hal_eth.o
                0x00000000080011f0                HAL_ETH_Init
 .text.ETH_SetMACConfig
                0x00000000080013a4      0x238 ./Drivers/STM32H7xx_HAL_Driver/Src/stm32h7xx_hal_eth.o
 .text.ETH_SetDMAConfig
                0x00000000080015dc      0x10c ./Drivers/STM32H7xx_HAL_Driver/Src/stm32h7xx_hal_eth.o
 .text.ETH_MACDMAConfig
                0x00000000080016e8      0x13a ./Drivers/STM32H7xx_HAL_Driver/Src/stm32h7xx_hal_eth.o
 *fill*         0x0000000008001822        0x2 
 .text.ETH_MAC_MDIO_ClkConfig
                0x0000000008001824       0xb0 ./Drivers/STM32H7xx_HAL_Driver/Src/stm32h7xx_hal_eth.o
 .text.ETH_DMATxDescListInit
                0x00000000080018d4       0x8e ./Drivers/STM32H7xx_HAL_Driver/Src/stm32h7xx_hal_eth.o
 .text.ETH_DMARxDescListInit
                0x0000000008001962       0xba ./Drivers/STM32H7xx_HAL_Driver/Src/stm32h7xx_hal_eth.o
 .text.HAL_GPIO_Init
                0x0000000008001a1c      0x350 ./Drivers/STM32H7xx_HAL_Driver/Src/stm32h7xx_hal_gpio.o
                0x0000000008001a1c                HAL_GPIO_Init
 .text.HAL_GPIO_WritePin
                0x0000000008001d6c       0x32 ./Drivers/STM32H7xx_HAL_Driver/Src/stm32h7xx_hal_gpio.o
                0x0000000008001d6c                HAL_GPIO_WritePin
 *fill*         0x0000000008001d9e        0x2 
 .text.HAL_I2C_Init
                0x0000000008001da0      0x120 ./Drivers/STM32H7xx_HAL_Driver/Src/stm32h7xx_hal_i2c.o
                0x0000000008001da0                HAL_I2C_Init
 .text.HAL_I2CEx_ConfigAnalogFilter
                0x0000000008001ec0       0x96 ./Drivers/STM32H7xx_HAL_Driver/Src/stm32h7xx_hal_i2c_ex.o
                0x0000000008001ec0                HAL_I2CEx_ConfigAnalogFilter
 .text.HAL_I2CEx_ConfigDigitalFilter
                0x0000000008001f56       0x98 ./Drivers/STM32H7xx_HAL_Driver/Src/stm32h7xx_hal_i2c_ex.o
                0x0000000008001f56                HAL_I2CEx_ConfigDigitalFilter
 .text.HAL_PCD_Init
                0x0000000008001fee      0x248 ./Drivers/STM32H7xx_HAL_Driver/Src/stm32h7xx_hal_pcd.o
                0x0000000008001fee                HAL_PCD_Init
 .text.HAL_PCD_Start
                0x0000000008002236       0x66 ./Drivers/STM32H7xx_HAL_Driver/Src/stm32h7xx_hal_pcd.o
                0x0000000008002236                HAL_PCD_Start
 .text.HAL_PCD_IRQHandler
                0x000000000800229c      0x7be ./Drivers/STM32H7xx_HAL_Driver/Src/stm32h7xx_hal_pcd.o
                0x000000000800229c                HAL_PCD_IRQHandler
 .text.HAL_PCD_SetAddress
                0x0000000008002a5a       0x4a ./Drivers/STM32H7xx_HAL_Driver/Src/stm32h7xx_hal_pcd.o
                0x0000000008002a5a                HAL_PCD_SetAddress
 .text.HAL_PCD_EP_Open
                0x0000000008002aa4       0xd0 ./Drivers/STM32H7xx_HAL_Driver/Src/stm32h7xx_hal_pcd.o
                0x0000000008002aa4                HAL_PCD_EP_Open
 .text.HAL_PCD_EP_Close
                0x0000000008002b74       0x94 ./Drivers/STM32H7xx_HAL_Driver/Src/stm32h7xx_hal_pcd.o
                0x0000000008002b74                HAL_PCD_EP_Close
 .text.HAL_PCD_EP_Receive
                0x0000000008002c08       0x96 ./Drivers/STM32H7xx_HAL_Driver/Src/stm32h7xx_hal_pcd.o
                0x0000000008002c08                HAL_PCD_EP_Receive
 .text.HAL_PCD_EP_Transmit
                0x0000000008002c9e       0x94 ./Drivers/STM32H7xx_HAL_Driver/Src/stm32h7xx_hal_pcd.o
                0x0000000008002c9e                HAL_PCD_EP_Transmit
 .text.HAL_PCD_EP_SetStall
                0x0000000008002d32       0xc8 ./Drivers/STM32H7xx_HAL_Driver/Src/stm32h7xx_hal_pcd.o
                0x0000000008002d32                HAL_PCD_EP_SetStall
 .text.HAL_PCD_EP_ClrStall
                0x0000000008002dfa       0xac ./Drivers/STM32H7xx_HAL_Driver/Src/stm32h7xx_hal_pcd.o
                0x0000000008002dfa                HAL_PCD_EP_ClrStall
 .text.PCD_WriteEmptyTxFifo
                0x0000000008002ea6      0x11a ./Drivers/STM32H7xx_HAL_Driver/Src/stm32h7xx_hal_pcd.o
 .text.PCD_EP_OutXfrComplete_int
                0x0000000008002fc0      0x218 ./Drivers/STM32H7xx_HAL_Driver/Src/stm32h7xx_hal_pcd.o
 .text.PCD_EP_OutSetupPacket_int
                0x00000000080031d8       0x8c ./Drivers/STM32H7xx_HAL_Driver/Src/stm32h7xx_hal_pcd.o
 .text.HAL_PCDEx_SetTxFiFo
                0x0000000008003264       0x8e ./Drivers/STM32H7xx_HAL_Driver/Src/stm32h7xx_hal_pcd_ex.o
                0x0000000008003264                HAL_PCDEx_SetTxFiFo
 .text.HAL_PCDEx_SetRxFiFo
                0x00000000080032f2       0x22 ./Drivers/STM32H7xx_HAL_Driver/Src/stm32h7xx_hal_pcd_ex.o
                0x00000000080032f2                HAL_PCDEx_SetRxFiFo
 .text.HAL_PCDEx_ActivateLPM
                0x0000000008003314       0x48 ./Drivers/STM32H7xx_HAL_Driver/Src/stm32h7xx_hal_pcd_ex.o
                0x0000000008003314                HAL_PCDEx_ActivateLPM
 .text.HAL_PCDEx_LPM_Callback
                0x000000000800335c       0x18 ./Drivers/STM32H7xx_HAL_Driver/Src/stm32h7xx_hal_pcd_ex.o
                0x000000000800335c                HAL_PCDEx_LPM_Callback
 .text.HAL_PWREx_EnableUSBVoltageDetector
                0x0000000008003374       0x20 ./Drivers/STM32H7xx_HAL_Driver/Src/stm32h7xx_hal_pwr_ex.o
                0x0000000008003374                HAL_PWREx_EnableUSBVoltageDetector
 .text.HAL_RCC_OscConfig
                0x0000000008003394      0x71c ./Drivers/STM32H7xx_HAL_Driver/Src/stm32h7xx_hal_rcc.o
                0x0000000008003394                HAL_RCC_OscConfig
 .text.HAL_RCC_ClockConfig
                0x0000000008003ab0      0x36c ./Drivers/STM32H7xx_HAL_Driver/Src/stm32h7xx_hal_rcc.o
                0x0000000008003ab0                HAL_RCC_ClockConfig
 .text.HAL_RCC_GetSysClockFreq
                0x0000000008003e1c      0x2f4 ./Drivers/STM32H7xx_HAL_Driver/Src/stm32h7xx_hal_rcc.o
                0x0000000008003e1c                HAL_RCC_GetSysClockFreq
 .text.HAL_RCC_GetHCLKFreq
                0x0000000008004110       0x60 ./Drivers/STM32H7xx_HAL_Driver/Src/stm32h7xx_hal_rcc.o
                0x0000000008004110                HAL_RCC_GetHCLKFreq
 .text.HAL_RCC_GetPCLK1Freq
                0x0000000008004170       0x2c ./Drivers/STM32H7xx_HAL_Driver/Src/stm32h7xx_hal_rcc.o
                0x0000000008004170                HAL_RCC_GetPCLK1Freq
 .text.HAL_RCC_GetPCLK2Freq
                0x000000000800419c       0x2c ./Drivers/STM32H7xx_HAL_Driver/Src/stm32h7xx_hal_rcc.o
                0x000000000800419c                HAL_RCC_GetPCLK2Freq
 .text.HAL_RCCEx_PeriphCLKConfig
                0x00000000080041c8      0xdf4 ./Drivers/STM32H7xx_HAL_Driver/Src/stm32h7xx_hal_rcc_ex.o
                0x00000000080041c8                HAL_RCCEx_PeriphCLKConfig
 .text.HAL_RCCEx_GetD3PCLK1Freq
                0x0000000008004fbc       0x2c ./Drivers/STM32H7xx_HAL_Driver/Src/stm32h7xx_hal_rcc_ex.o
                0x0000000008004fbc                HAL_RCCEx_GetD3PCLK1Freq
 .text.HAL_RCCEx_GetPLL2ClockFreq
                0x0000000008004fe8      0x2a8 ./Drivers/STM32H7xx_HAL_Driver/Src/stm32h7xx_hal_rcc_ex.o
                0x0000000008004fe8                HAL_RCCEx_GetPLL2ClockFreq
 .text.HAL_RCCEx_GetPLL3ClockFreq
                0x0000000008005290      0x2a8 ./Drivers/STM32H7xx_HAL_Driver/Src/stm32h7xx_hal_rcc_ex.o
                0x0000000008005290                HAL_RCCEx_GetPLL3ClockFreq
 .text.RCCEx_PLL2_Config
                0x0000000008005538      0x164 ./Drivers/STM32H7xx_HAL_Driver/Src/stm32h7xx_hal_rcc_ex.o
 .text.RCCEx_PLL3_Config
                0x000000000800569c      0x164 ./Drivers/STM32H7xx_HAL_Driver/Src/stm32h7xx_hal_rcc_ex.o
 .text.HAL_UART_Init
                0x0000000008005800       0xa0 ./Drivers/STM32H7xx_HAL_Driver/Src/stm32h7xx_hal_uart.o
                0x0000000008005800                HAL_UART_Init
 .text.UART_SetConfig
                0x00000000080058a0      0xcbc ./Drivers/STM32H7xx_HAL_Driver/Src/stm32h7xx_hal_uart.o
                0x00000000080058a0                UART_SetConfig
 .text.UART_AdvFeatureConfig
                0x000000000800655c      0x144 ./Drivers/STM32H7xx_HAL_Driver/Src/stm32h7xx_hal_uart.o
                0x000000000800655c                UART_AdvFeatureConfig
 .text.UART_CheckIdleState
                0x00000000080066a0       0x96 ./Drivers/STM32H7xx_HAL_Driver/Src/stm32h7xx_hal_uart.o
                0x00000000080066a0                UART_CheckIdleState
 .text.UART_WaitOnFlagUntilTimeout
                0x0000000008006736      0x100 ./Drivers/STM32H7xx_HAL_Driver/Src/stm32h7xx_hal_uart.o
                0x0000000008006736                UART_WaitOnFlagUntilTimeout
 .text.HAL_UARTEx_DisableFifoMode
                0x0000000008006836       0x72 ./Drivers/STM32H7xx_HAL_Driver/Src/stm32h7xx_hal_uart_ex.o
                0x0000000008006836                HAL_UARTEx_DisableFifoMode
 .text.HAL_UARTEx_SetTxFifoThreshold
                0x00000000080068a8       0x7c ./Drivers/STM32H7xx_HAL_Driver/Src/stm32h7xx_hal_uart_ex.o
                0x00000000080068a8                HAL_UARTEx_SetTxFifoThreshold
 .text.HAL_UARTEx_SetRxFifoThreshold
                0x0000000008006924       0x7c ./Drivers/STM32H7xx_HAL_Driver/Src/stm32h7xx_hal_uart_ex.o
                0x0000000008006924                HAL_UARTEx_SetRxFifoThreshold
 .text.UARTEx_SetNbDataToProcess
                0x00000000080069a0       0x9c ./Drivers/STM32H7xx_HAL_Driver/Src/stm32h7xx_hal_uart_ex.o
 .text.USB_CoreInit
                0x0000000008006a3c       0xdc ./Drivers/STM32H7xx_HAL_Driver/Src/stm32h7xx_ll_usb.o
                0x0000000008006a3c                USB_CoreInit
 .text.USB_SetTurnaroundTime
                0x0000000008006b18      0x144 ./Drivers/STM32H7xx_HAL_Driver/Src/stm32h7xx_ll_usb.o
                0x0000000008006b18                USB_SetTurnaroundTime
 .text.USB_EnableGlobalInt
                0x0000000008006c5c       0x22 ./Drivers/STM32H7xx_HAL_Driver/Src/stm32h7xx_ll_usb.o
                0x0000000008006c5c                USB_EnableGlobalInt
 .text.USB_DisableGlobalInt
                0x0000000008006c7e       0x22 ./Drivers/STM32H7xx_HAL_Driver/Src/stm32h7xx_ll_usb.o
                0x0000000008006c7e                USB_DisableGlobalInt
 .text.USB_SetCurrentMode
                0x0000000008006ca0       0x54 ./Drivers/STM32H7xx_HAL_Driver/Src/stm32h7xx_ll_usb.o
                0x0000000008006ca0                USB_SetCurrentMode
 .text.USB_DevInit
                0x0000000008006cf4      0x2bc ./Drivers/STM32H7xx_HAL_Driver/Src/stm32h7xx_ll_usb.o
                0x0000000008006cf4                USB_DevInit
 .text.USB_FlushTxFifo
                0x0000000008006fb0       0x4c ./Drivers/STM32H7xx_HAL_Driver/Src/stm32h7xx_ll_usb.o
                0x0000000008006fb0                USB_FlushTxFifo
 .text.USB_FlushRxFifo
                0x0000000008006ffc       0x44 ./Drivers/STM32H7xx_HAL_Driver/Src/stm32h7xx_ll_usb.o
                0x0000000008006ffc                USB_FlushRxFifo
 .text.USB_SetDevSpeed
                0x0000000008007040       0x32 ./Drivers/STM32H7xx_HAL_Driver/Src/stm32h7xx_ll_usb.o
                0x0000000008007040                USB_SetDevSpeed
 .text.USB_GetDevSpeed
                0x0000000008007072       0x4a ./Drivers/STM32H7xx_HAL_Driver/Src/stm32h7xx_ll_usb.o
                0x0000000008007072                USB_GetDevSpeed
 .text.USB_ActivateEndpoint
                0x00000000080070bc      0x110 ./Drivers/STM32H7xx_HAL_Driver/Src/stm32h7xx_ll_usb.o
                0x00000000080070bc                USB_ActivateEndpoint
 .text.USB_DeactivateEndpoint
                0x00000000080071cc      0x1b8 ./Drivers/STM32H7xx_HAL_Driver/Src/stm32h7xx_ll_usb.o
                0x00000000080071cc                USB_DeactivateEndpoint
 .text.USB_EPStartXfer
                0x0000000008007384      0x498 ./Drivers/STM32H7xx_HAL_Driver/Src/stm32h7xx_ll_usb.o
                0x0000000008007384                USB_EPStartXfer
 .text.USB_EP0StartXfer
                0x000000000800781c      0x2b0 ./Drivers/STM32H7xx_HAL_Driver/Src/stm32h7xx_ll_usb.o
                0x000000000800781c                USB_EP0StartXfer
 .text.USB_WritePacket
                0x0000000008007acc       0x7c ./Drivers/STM32H7xx_HAL_Driver/Src/stm32h7xx_ll_usb.o
                0x0000000008007acc                USB_WritePacket
 .text.USB_ReadPacket
                0x0000000008007b48       0xb0 ./Drivers/STM32H7xx_HAL_Driver/Src/stm32h7xx_ll_usb.o
                0x0000000008007b48                USB_ReadPacket
 .text.USB_EPSetStall
                0x0000000008007bf8       0xdc ./Drivers/STM32H7xx_HAL_Driver/Src/stm32h7xx_ll_usb.o
                0x0000000008007bf8                USB_EPSetStall
 .text.USB_EPClearStall
                0x0000000008007cd4       0xcc ./Drivers/STM32H7xx_HAL_Driver/Src/stm32h7xx_ll_usb.o
                0x0000000008007cd4                USB_EPClearStall
 .text.USB_SetDevAddress
                0x0000000008007da0       0x4c ./Drivers/STM32H7xx_HAL_Driver/Src/stm32h7xx_ll_usb.o
                0x0000000008007da0                USB_SetDevAddress
 .text.USB_DevConnect
                0x0000000008007dec       0x42 ./Drivers/STM32H7xx_HAL_Driver/Src/stm32h7xx_ll_usb.o
                0x0000000008007dec                USB_DevConnect
 .text.USB_DevDisconnect
                0x0000000008007e2e       0x42 ./Drivers/STM32H7xx_HAL_Driver/Src/stm32h7xx_ll_usb.o
                0x0000000008007e2e                USB_DevDisconnect
 .text.USB_ReadInterrupts
                0x0000000008007e70       0x26 ./Drivers/STM32H7xx_HAL_Driver/Src/stm32h7xx_ll_usb.o
                0x0000000008007e70                USB_ReadInterrupts
 .text.USB_ReadDevAllOutEpInterrupt
                0x0000000008007e96       0x34 ./Drivers/STM32H7xx_HAL_Driver/Src/stm32h7xx_ll_usb.o
                0x0000000008007e96                USB_ReadDevAllOutEpInterrupt
 .text.USB_ReadDevAllInEpInterrupt
                0x0000000008007eca       0x34 ./Drivers/STM32H7xx_HAL_Driver/Src/stm32h7xx_ll_usb.o
                0x0000000008007eca                USB_ReadDevAllInEpInterrupt
 .text.USB_ReadDevOutEPInterrupt
                0x0000000008007efe       0x3c ./Drivers/STM32H7xx_HAL_Driver/Src/stm32h7xx_ll_usb.o
                0x0000000008007efe                USB_ReadDevOutEPInterrupt
 .text.USB_ReadDevInEPInterrupt
                0x0000000008007f3a       0x5c ./Drivers/STM32H7xx_HAL_Driver/Src/stm32h7xx_ll_usb.o
                0x0000000008007f3a                USB_ReadDevInEPInterrupt
 .text.USB_GetMode
                0x0000000008007f96       0x1c ./Drivers/STM32H7xx_HAL_Driver/Src/stm32h7xx_ll_usb.o
                0x0000000008007f96                USB_GetMode
 *fill*         0x0000000008007fb2        0x2 
 .text.USB_ActivateSetup
                0x0000000008007fb4       0x48 ./Drivers/STM32H7xx_HAL_Driver/Src/stm32h7xx_ll_usb.o
                0x0000000008007fb4                USB_ActivateSetup
 .text.USB_EP0_OutStart
                0x0000000008007ffc       0xbc ./Drivers/STM32H7xx_HAL_Driver/Src/stm32h7xx_ll_usb.o
                0x0000000008007ffc                USB_EP0_OutStart
 .text.USB_CoreReset
                0x00000000080080b8       0x68 ./Drivers/STM32H7xx_HAL_Driver/Src/stm32h7xx_ll_usb.o
 .text.USBD_HID_Init
                0x0000000008008120       0x66 ./Middlewares/ST/STM32_USB_Device_Library/Class/HID/Src/usbd_hid.o
 .text.USBD_HID_DeInit
                0x0000000008008186       0x48 ./Middlewares/ST/STM32_USB_Device_Library/Class/HID/Src/usbd_hid.o
 *fill*         0x00000000080081ce        0x2 
 .text.USBD_HID_Setup
                0x00000000080081d0      0x208 ./Middlewares/ST/STM32_USB_Device_Library/Class/HID/Src/usbd_hid.o
 .text.USBD_HID_GetFSCfgDesc
                0x00000000080083d8       0x20 ./Middlewares/ST/STM32_USB_Device_Library/Class/HID/Src/usbd_hid.o
 .text.USBD_HID_GetHSCfgDesc
                0x00000000080083f8       0x20 ./Middlewares/ST/STM32_USB_Device_Library/Class/HID/Src/usbd_hid.o
 .text.USBD_HID_GetOtherSpeedCfgDesc
                0x0000000008008418       0x20 ./Middlewares/ST/STM32_USB_Device_Library/Class/HID/Src/usbd_hid.o
 .text.USBD_HID_DataIn
                0x0000000008008438       0x24 ./Middlewares/ST/STM32_USB_Device_Library/Class/HID/Src/usbd_hid.o
 .text.USBD_HID_GetDeviceQualifierDesc
                0x000000000800845c       0x20 ./Middlewares/ST/STM32_USB_Device_Library/Class/HID/Src/usbd_hid.o
 .text.USBD_Init
                0x000000000800847c       0x60 ./Middlewares/ST/STM32_USB_Device_Library/Core/Src/usbd_core.o
                0x000000000800847c                USBD_Init
 .text.USBD_RegisterClass
                0x00000000080084dc       0x4e ./Middlewares/ST/STM32_USB_Device_Library/Core/Src/usbd_core.o
                0x00000000080084dc                USBD_RegisterClass
 .text.USBD_Start
                0x000000000800852a       0x18 ./Middlewares/ST/STM32_USB_Device_Library/Core/Src/usbd_core.o
                0x000000000800852a                USBD_Start
 .text.USBD_RunTestMode
                0x0000000008008542       0x16 ./Middlewares/ST/STM32_USB_Device_Library/Core/Src/usbd_core.o
                0x0000000008008542                USBD_RunTestMode
 .text.USBD_SetClassConfig
                0x0000000008008558       0x38 ./Middlewares/ST/STM32_USB_Device_Library/Core/Src/usbd_core.o
                0x0000000008008558                USBD_SetClassConfig
 .text.USBD_ClrClassConfig
                0x0000000008008590       0x30 ./Middlewares/ST/STM32_USB_Device_Library/Core/Src/usbd_core.o
                0x0000000008008590                USBD_ClrClassConfig
 .text.USBD_LL_SetupStage
                0x00000000080085c0       0xaa ./Middlewares/ST/STM32_USB_Device_Library/Core/Src/usbd_core.o
                0x00000000080085c0                USBD_LL_SetupStage
 .text.USBD_LL_DataOutStage
                0x000000000800866a       0xc6 ./Middlewares/ST/STM32_USB_Device_Library/Core/Src/usbd_core.o
                0x000000000800866a                USBD_LL_DataOutStage
 .text.USBD_LL_DataInStage
                0x0000000008008730      0x12c ./Middlewares/ST/STM32_USB_Device_Library/Core/Src/usbd_core.o
                0x0000000008008730                USBD_LL_DataInStage
 .text.USBD_LL_Reset
                0x000000000800885c       0x9c ./Middlewares/ST/STM32_USB_Device_Library/Core/Src/usbd_core.o
                0x000000000800885c                USBD_LL_Reset
 .text.USBD_LL_SetSpeed
                0x00000000080088f8       0x20 ./Middlewares/ST/STM32_USB_Device_Library/Core/Src/usbd_core.o
                0x00000000080088f8                USBD_LL_SetSpeed
 .text.USBD_LL_Suspend
                0x0000000008008918       0x2c ./Middlewares/ST/STM32_USB_Device_Library/Core/Src/usbd_core.o
                0x0000000008008918                USBD_LL_Suspend
 .text.USBD_LL_Resume
                0x0000000008008944       0x30 ./Middlewares/ST/STM32_USB_Device_Library/Core/Src/usbd_core.o
                0x0000000008008944                USBD_LL_Resume
 .text.USBD_LL_SOF
                0x0000000008008974       0x44 ./Middlewares/ST/STM32_USB_Device_Library/Core/Src/usbd_core.o
                0x0000000008008974                USBD_LL_SOF
 .text.USBD_LL_IsoINIncomplete
                0x00000000080089b8       0x4c ./Middlewares/ST/STM32_USB_Device_Library/Core/Src/usbd_core.o
                0x00000000080089b8                USBD_LL_IsoINIncomplete
 .text.USBD_LL_IsoOUTIncomplete
                0x0000000008008a04       0x4c ./Middlewares/ST/STM32_USB_Device_Library/Core/Src/usbd_core.o
                0x0000000008008a04                USBD_LL_IsoOUTIncomplete
 .text.USBD_LL_DevConnected
                0x0000000008008a50       0x16 ./Middlewares/ST/STM32_USB_Device_Library/Core/Src/usbd_core.o
                0x0000000008008a50                USBD_LL_DevConnected
 .text.USBD_LL_DevDisconnected
                0x0000000008008a66       0x38 ./Middlewares/ST/STM32_USB_Device_Library/Core/Src/usbd_core.o
                0x0000000008008a66                USBD_LL_DevDisconnected
 .text.SWAPBYTE
                0x0000000008008a9e       0x3c ./Middlewares/ST/STM32_USB_Device_Library/Core/Src/usbd_ctlreq.o
 *fill*         0x0000000008008ada        0x2 
 .text.USBD_StdDevReq
                0x0000000008008adc       0xdc ./Middlewares/ST/STM32_USB_Device_Library/Core/Src/usbd_ctlreq.o
                0x0000000008008adc                USBD_StdDevReq
 .text.USBD_StdItfReq
                0x0000000008008bb8       0x92 ./Middlewares/ST/STM32_USB_Device_Library/Core/Src/usbd_ctlreq.o
                0x0000000008008bb8                USBD_StdItfReq
 .text.USBD_StdEPReq
                0x0000000008008c4a      0x2c4 ./Middlewares/ST/STM32_USB_Device_Library/Core/Src/usbd_ctlreq.o
                0x0000000008008c4a                USBD_StdEPReq
 *fill*         0x0000000008008f0e        0x2 
 .text.USBD_GetDescriptor
                0x0000000008008f10      0x2d4 ./Middlewares/ST/STM32_USB_Device_Library/Core/Src/usbd_ctlreq.o
 .text.USBD_SetAddress
                0x00000000080091e4       0x88 ./Middlewares/ST/STM32_USB_Device_Library/Core/Src/usbd_ctlreq.o
 .text.USBD_SetConfig
                0x000000000800926c      0x14c ./Middlewares/ST/STM32_USB_Device_Library/Core/Src/usbd_ctlreq.o
 .text.USBD_GetConfig
                0x00000000080093b8       0x6c ./Middlewares/ST/STM32_USB_Device_Library/Core/Src/usbd_ctlreq.o
 .text.USBD_GetStatus
                0x0000000008009424       0x68 ./Middlewares/ST/STM32_USB_Device_Library/Core/Src/usbd_ctlreq.o
 .text.USBD_SetFeature
                0x000000000800948c       0x28 ./Middlewares/ST/STM32_USB_Device_Library/Core/Src/usbd_ctlreq.o
 .text.USBD_ClrFeature
                0x00000000080094b4       0x44 ./Middlewares/ST/STM32_USB_Device_Library/Core/Src/usbd_ctlreq.o
 .text.USBD_ParseSetupRequest
                0x00000000080094f8       0x74 ./Middlewares/ST/STM32_USB_Device_Library/Core/Src/usbd_ctlreq.o
                0x00000000080094f8                USBD_ParseSetupRequest
 .text.USBD_CtlError
                0x000000000800956c       0x22 ./Middlewares/ST/STM32_USB_Device_Library/Core/Src/usbd_ctlreq.o
                0x000000000800956c                USBD_CtlError
 .text.USBD_GetString
                0x000000000800958e       0x8c ./Middlewares/ST/STM32_USB_Device_Library/Core/Src/usbd_ctlreq.o
                0x000000000800958e                USBD_GetString
 .text.USBD_GetLen
                0x000000000800961a       0x34 ./Middlewares/ST/STM32_USB_Device_Library/Core/Src/usbd_ctlreq.o
 .text.USBD_CtlSendData
                0x000000000800964e       0x36 ./Middlewares/ST/STM32_USB_Device_Library/Core/Src/usbd_ioreq.o
                0x000000000800964e                USBD_CtlSendData
 .text.USBD_CtlContinueSendData
                0x0000000008009684       0x22 ./Middlewares/ST/STM32_USB_Device_Library/Core/Src/usbd_ioreq.o
                0x0000000008009684                USBD_CtlContinueSendData
 .text.USBD_CtlContinueRx
                0x00000000080096a6       0x22 ./Middlewares/ST/STM32_USB_Device_Library/Core/Src/usbd_ioreq.o
                0x00000000080096a6                USBD_CtlContinueRx
 .text.USBD_CtlSendStatus
                0x00000000080096c8       0x26 ./Middlewares/ST/STM32_USB_Device_Library/Core/Src/usbd_ioreq.o
                0x00000000080096c8                USBD_CtlSendStatus
 .text.USBD_CtlReceiveStatus
                0x00000000080096ee       0x26 ./Middlewares/ST/STM32_USB_Device_Library/Core/Src/usbd_ioreq.o
                0x00000000080096ee                USBD_CtlReceiveStatus
 .text.MX_USB_DEVICE_Init
                0x0000000008009714       0x50 ./USB_DEVICE/App/usb_device.o
                0x0000000008009714                MX_USB_DEVICE_Init
 .text.USBD_HS_DeviceDescriptor
                0x0000000008009764       0x24 ./USB_DEVICE/App/usbd_desc.o
                0x0000000008009764                USBD_HS_DeviceDescriptor
 .text.USBD_HS_LangIDStrDescriptor
                0x0000000008009788       0x24 ./USB_DEVICE/App/usbd_desc.o
                0x0000000008009788                USBD_HS_LangIDStrDescriptor
 .text.USBD_HS_ProductStrDescriptor
                0x00000000080097ac       0x3c ./USB_DEVICE/App/usbd_desc.o
                0x00000000080097ac                USBD_HS_ProductStrDescriptor
 .text.USBD_HS_ManufacturerStrDescriptor
                0x00000000080097e8       0x28 ./USB_DEVICE/App/usbd_desc.o
                0x00000000080097e8                USBD_HS_ManufacturerStrDescriptor
 .text.USBD_HS_SerialStrDescriptor
                0x0000000008009810       0x24 ./USB_DEVICE/App/usbd_desc.o
                0x0000000008009810                USBD_HS_SerialStrDescriptor
 .text.USBD_HS_ConfigStrDescriptor
                0x0000000008009834       0x3c ./USB_DEVICE/App/usbd_desc.o
                0x0000000008009834                USBD_HS_ConfigStrDescriptor
 .text.USBD_HS_InterfaceStrDescriptor
                0x0000000008009870       0x3c ./USB_DEVICE/App/usbd_desc.o
                0x0000000008009870                USBD_HS_InterfaceStrDescriptor
 .text.Get_SerialNum
                0x00000000080098ac       0x58 ./USB_DEVICE/App/usbd_desc.o
 .text.IntToUnicode
                0x0000000008009904       0x7e ./USB_DEVICE/App/usbd_desc.o
 *fill*         0x0000000008009982        0x2 
 .text.HAL_PCD_MspInit
                0x0000000008009984       0x84 ./USB_DEVICE/Target/usbd_conf.o
                0x0000000008009984                HAL_PCD_MspInit
 .text.HAL_PCD_SetupStageCallback
                0x0000000008009a08       0x24 ./USB_DEVICE/Target/usbd_conf.o
                0x0000000008009a08                HAL_PCD_SetupStageCallback
 .text.HAL_PCD_DataOutStageCallback
                0x0000000008009a2c       0x36 ./USB_DEVICE/Target/usbd_conf.o
                0x0000000008009a2c                HAL_PCD_DataOutStageCallback
 .text.HAL_PCD_DataInStageCallback
                0x0000000008009a62       0x34 ./USB_DEVICE/Target/usbd_conf.o
                0x0000000008009a62                HAL_PCD_DataInStageCallback
 .text.HAL_PCD_SOFCallback
                0x0000000008009a96       0x1c ./USB_DEVICE/Target/usbd_conf.o
                0x0000000008009a96                HAL_PCD_SOFCallback
 .text.HAL_PCD_ResetCallback
                0x0000000008009ab2       0x50 ./USB_DEVICE/Target/usbd_conf.o
                0x0000000008009ab2                HAL_PCD_ResetCallback
 *fill*         0x0000000008009b02        0x2 
 .text.HAL_PCD_SuspendCallback
                0x0000000008009b04       0x4c ./USB_DEVICE/Target/usbd_conf.o
                0x0000000008009b04                HAL_PCD_SuspendCallback
 .text.HAL_PCD_ResumeCallback
                0x0000000008009b50       0x1c ./USB_DEVICE/Target/usbd_conf.o
                0x0000000008009b50                HAL_PCD_ResumeCallback
 .text.HAL_PCD_ISOOUTIncompleteCallback
                0x0000000008009b6c       0x24 ./USB_DEVICE/Target/usbd_conf.o
                0x0000000008009b6c                HAL_PCD_ISOOUTIncompleteCallback
 .text.HAL_PCD_ISOINIncompleteCallback
                0x0000000008009b90       0x24 ./USB_DEVICE/Target/usbd_conf.o
                0x0000000008009b90                HAL_PCD_ISOINIncompleteCallback
 .text.HAL_PCD_ConnectCallback
                0x0000000008009bb4       0x1c ./USB_DEVICE/Target/usbd_conf.o
                0x0000000008009bb4                HAL_PCD_ConnectCallback
 .text.HAL_PCD_DisconnectCallback
                0x0000000008009bd0       0x1c ./USB_DEVICE/Target/usbd_conf.o
                0x0000000008009bd0                HAL_PCD_DisconnectCallback
 .text.USBD_LL_Init
                0x0000000008009bec       0xac ./USB_DEVICE/Target/usbd_conf.o
                0x0000000008009bec                USBD_LL_Init
 .text.USBD_LL_Start
                0x0000000008009c98       0x36 ./USB_DEVICE/Target/usbd_conf.o
                0x0000000008009c98                USBD_LL_Start
 .text.USBD_LL_OpenEP
                0x0000000008009cce       0x4c ./USB_DEVICE/Target/usbd_conf.o
                0x0000000008009cce                USBD_LL_OpenEP
 .text.USBD_LL_CloseEP
                0x0000000008009d1a       0x3e ./USB_DEVICE/Target/usbd_conf.o
                0x0000000008009d1a                USBD_LL_CloseEP
 .text.USBD_LL_StallEP
                0x0000000008009d58       0x3e ./USB_DEVICE/Target/usbd_conf.o
                0x0000000008009d58                USBD_LL_StallEP
 .text.USBD_LL_ClearStallEP
                0x0000000008009d96       0x3e ./USB_DEVICE/Target/usbd_conf.o
                0x0000000008009d96                USBD_LL_ClearStallEP
 .text.USBD_LL_IsStallEP
                0x0000000008009dd4       0x58 ./USB_DEVICE/Target/usbd_conf.o
                0x0000000008009dd4                USBD_LL_IsStallEP
 .text.USBD_LL_SetUSBAddress
                0x0000000008009e2c       0x3e ./USB_DEVICE/Target/usbd_conf.o
                0x0000000008009e2c                USBD_LL_SetUSBAddress
 .text.USBD_LL_Transmit
                0x0000000008009e6a       0x42 ./USB_DEVICE/Target/usbd_conf.o
                0x0000000008009e6a                USBD_LL_Transmit
 .text.USBD_LL_PrepareReceive
                0x0000000008009eac       0x42 ./USB_DEVICE/Target/usbd_conf.o
                0x0000000008009eac                USBD_LL_PrepareReceive
 *fill*         0x0000000008009eee        0x2 
 .text.USBD_static_malloc
                0x0000000008009ef0       0x1c ./USB_DEVICE/Target/usbd_conf.o
                0x0000000008009ef0                USBD_static_malloc
 .text.USBD_static_free
                0x0000000008009f0c       0x14 ./USB_DEVICE/Target/usbd_conf.o
                0x0000000008009f0c                USBD_static_free
 .text.USBD_Get_USB_Status
                0x0000000008009f20       0x58 ./USB_DEVICE/Target/usbd_conf.o
                0x0000000008009f20                USBD_Get_USB_Status
 .text.__libc_init_array
                0x0000000008009f78       0x48 c:/st/stm32cubeide_1.7.0/stm32cubeide/plugins/com.st.stm32cube.ide.mcu.externaltools.gnu-tools-for-stm32.9-2020-q2-update.win32_2.0.0.202105311346/tools/bin/../lib/gcc/arm-none-eabi/9.3.1/../../../../arm-none-eabi/lib/thumb/v7e-m+dp/hard\libc_nano.a(lib_a-init.o)
                0x0000000008009f78                __libc_init_array
 .text.memset   0x0000000008009fc0       0x10 c:/st/stm32cubeide_1.7.0/stm32cubeide/plugins/com.st.stm32cube.ide.mcu.externaltools.gnu-tools-for-stm32.9-2020-q2-update.win32_2.0.0.202105311346/tools/bin/../lib/gcc/arm-none-eabi/9.3.1/../../../../arm-none-eabi/lib/thumb/v7e-m+dp/hard\libc_nano.a(lib_a-memset.o)
                0x0000000008009fc0                memset
 *(.glue_7)
 .glue_7        0x0000000008009fd0        0x0 linker stubs
 *(.glue_7t)
 .glue_7t       0x0000000008009fd0        0x0 linker stubs
 *(.eh_frame)
 .eh_frame      0x0000000008009fd0        0x0 c:/st/stm32cubeide_1.7.0/stm32cubeide/plugins/com.st.stm32cube.ide.mcu.externaltools.gnu-tools-for-stm32.9-2020-q2-update.win32_2.0.0.202105311346/tools/bin/../lib/gcc/arm-none-eabi/9.3.1/thumb/v7e-m+dp/hard/crtbegin.o
 *(.init)
 .init          0x0000000008009fd0        0x4 c:/st/stm32cubeide_1.7.0/stm32cubeide/plugins/com.st.stm32cube.ide.mcu.externaltools.gnu-tools-for-stm32.9-2020-q2-update.win32_2.0.0.202105311346/tools/bin/../lib/gcc/arm-none-eabi/9.3.1/thumb/v7e-m+dp/hard/crti.o
                0x0000000008009fd0                _init
 .init          0x0000000008009fd4        0x8 c:/st/stm32cubeide_1.7.0/stm32cubeide/plugins/com.st.stm32cube.ide.mcu.externaltools.gnu-tools-for-stm32.9-2020-q2-update.win32_2.0.0.202105311346/tools/bin/../lib/gcc/arm-none-eabi/9.3.1/thumb/v7e-m+dp/hard/crtn.o
 *(.fini)
 .fini          0x0000000008009fdc        0x4 c:/st/stm32cubeide_1.7.0/stm32cubeide/plugins/com.st.stm32cube.ide.mcu.externaltools.gnu-tools-for-stm32.9-2020-q2-update.win32_2.0.0.202105311346/tools/bin/../lib/gcc/arm-none-eabi/9.3.1/thumb/v7e-m+dp/hard/crti.o
                0x0000000008009fdc                _fini
 .fini          0x0000000008009fe0        0x8 c:/st/stm32cubeide_1.7.0/stm32cubeide/plugins/com.st.stm32cube.ide.mcu.externaltools.gnu-tools-for-stm32.9-2020-q2-update.win32_2.0.0.202105311346/tools/bin/../lib/gcc/arm-none-eabi/9.3.1/thumb/v7e-m+dp/hard/crtn.o
                0x0000000008009fe8                . = ALIGN (0x4)
                0x0000000008009fe8                _etext = .

.vfp11_veneer   0x0000000008009fe8        0x0
 .vfp11_veneer  0x0000000008009fe8        0x0 linker stubs

.v4_bx          0x0000000008009fe8        0x0
 .v4_bx         0x0000000008009fe8        0x0 linker stubs

.iplt           0x0000000008009fe8        0x0
 .iplt          0x0000000008009fe8        0x0 c:/st/stm32cubeide_1.7.0/stm32cubeide/plugins/com.st.stm32cube.ide.mcu.externaltools.gnu-tools-for-stm32.9-2020-q2-update.win32_2.0.0.202105311346/tools/bin/../lib/gcc/arm-none-eabi/9.3.1/thumb/v7e-m+dp/hard/crtbegin.o

.rodata         0x0000000008009fe8       0x80
                0x0000000008009fe8                . = ALIGN (0x4)
 *(.rodata)
 .rodata        0x0000000008009fe8       0x46 ./USB_DEVICE/App/usbd_desc.o
 *(.rodata*)
 *fill*         0x000000000800a02e        0x2 
 .rodata.D1CorePrescTable
                0x000000000800a030       0x10 ./Core/Src/system_stm32h7xx.o
                0x000000000800a030                D1CorePrescTable
 .rodata.UARTPrescTable
                0x000000000800a040       0x18 ./Drivers/STM32H7xx_HAL_Driver/Src/stm32h7xx_hal_uart.o
                0x000000000800a040                UARTPrescTable
 .rodata.numerator.11203
                0x000000000800a058        0x8 ./Drivers/STM32H7xx_HAL_Driver/Src/stm32h7xx_hal_uart_ex.o
 .rodata.denominator.11204
                0x000000000800a060        0x8 ./Drivers/STM32H7xx_HAL_Driver/Src/stm32h7xx_hal_uart_ex.o
                0x000000000800a068                . = ALIGN (0x4)

.ARM.extab
 *(.ARM.extab* .gnu.linkonce.armextab.*)

.ARM            0x000000000800a068        0x8
                0x000000000800a068                __exidx_start = .
 *(.ARM.exidx*)
 .ARM.exidx     0x000000000800a068        0x8 c:/st/stm32cubeide_1.7.0/stm32cubeide/plugins/com.st.stm32cube.ide.mcu.externaltools.gnu-tools-for-stm32.9-2020-q2-update.win32_2.0.0.202105311346/tools/bin/../lib/gcc/arm-none-eabi/9.3.1/thumb/v7e-m+dp/hard\libgcc.a(_udivmoddi4.o)
                0x000000000800a070                __exidx_end = .

.rel.dyn        0x000000000800a070        0x0
 .rel.iplt      0x000000000800a070        0x0 c:/st/stm32cubeide_1.7.0/stm32cubeide/plugins/com.st.stm32cube.ide.mcu.externaltools.gnu-tools-for-stm32.9-2020-q2-update.win32_2.0.0.202105311346/tools/bin/../lib/gcc/arm-none-eabi/9.3.1/thumb/v7e-m+dp/hard/crtbegin.o

.preinit_array  0x000000000800a070        0x0
                0x000000000800a070                PROVIDE (__preinit_array_start = .)
 *(.preinit_array*)
                0x000000000800a070                PROVIDE (__preinit_array_end = .)

.init_array     0x000000000800a070        0x4
                0x000000000800a070                PROVIDE (__init_array_start = .)
 *(SORT_BY_NAME(.init_array.*))
 *(.init_array*)
 .init_array    0x000000000800a070        0x4 c:/st/stm32cubeide_1.7.0/stm32cubeide/plugins/com.st.stm32cube.ide.mcu.externaltools.gnu-tools-for-stm32.9-2020-q2-update.win32_2.0.0.202105311346/tools/bin/../lib/gcc/arm-none-eabi/9.3.1/thumb/v7e-m+dp/hard/crtbegin.o
                0x000000000800a074                PROVIDE (__init_array_end = .)

.fini_array     0x000000000800a074        0x4
                [!provide]                        PROVIDE (__fini_array_start = .)
 *(SORT_BY_NAME(.fini_array.*))
 *(.fini_array*)
 .fini_array    0x000000000800a074        0x4 c:/st/stm32cubeide_1.7.0/stm32cubeide/plugins/com.st.stm32cube.ide.mcu.externaltools.gnu-tools-for-stm32.9-2020-q2-update.win32_2.0.0.202105311346/tools/bin/../lib/gcc/arm-none-eabi/9.3.1/thumb/v7e-m+dp/hard/crtbegin.o
                [!provide]                        PROVIDE (__fini_array_end = .)
                0x000000000800a078                _sidata = LOADADDR (.data)

.data           0x0000000024000000      0x168 load address 0x000000000800a078
                0x0000000024000000                . = ALIGN (0x4)
                0x0000000024000000                _sdata = .
 *(.data)
 *(.data*)
 .data.SystemCoreClock
                0x0000000024000000        0x4 ./Core/Src/system_stm32h7xx.o
                0x0000000024000000                SystemCoreClock
 .data.SystemD2Clock
                0x0000000024000004        0x4 ./Core/Src/system_stm32h7xx.o
                0x0000000024000004                SystemD2Clock
 .data.uwTickPrio
                0x0000000024000008        0x4 ./Drivers/STM32H7xx_HAL_Driver/Src/stm32h7xx_hal.o
                0x0000000024000008                uwTickPrio
 .data.uwTickFreq
                0x000000002400000c        0x1 ./Drivers/STM32H7xx_HAL_Driver/Src/stm32h7xx_hal.o
                0x000000002400000c                uwTickFreq
 *fill*         0x000000002400000d        0x3 
 .data.USBD_HID
                0x0000000024000010       0x38 ./Middlewares/ST/STM32_USB_Device_Library/Class/HID/Src/usbd_hid.o
                0x0000000024000010                USBD_HID
 .data.USBD_HID_CfgFSDesc
                0x0000000024000048       0x22 ./Middlewares/ST/STM32_USB_Device_Library/Class/HID/Src/usbd_hid.o
 *fill*         0x000000002400006a        0x2 
 .data.USBD_HID_CfgHSDesc
                0x000000002400006c       0x22 ./Middlewares/ST/STM32_USB_Device_Library/Class/HID/Src/usbd_hid.o
 *fill*         0x000000002400008e        0x2 
 .data.USBD_HID_OtherSpeedCfgDesc
                0x0000000024000090       0x22 ./Middlewares/ST/STM32_USB_Device_Library/Class/HID/Src/usbd_hid.o
 *fill*         0x00000000240000b2        0x2 
 .data.USBD_HID_Desc
                0x00000000240000b4        0x9 ./Middlewares/ST/STM32_USB_Device_Library/Class/HID/Src/usbd_hid.o
 *fill*         0x00000000240000bd        0x3 
 .data.USBD_HID_DeviceQualifierDesc
                0x00000000240000c0        0xa ./Middlewares/ST/STM32_USB_Device_Library/Class/HID/Src/usbd_hid.o
 *fill*         0x00000000240000ca        0x2 
 .data.HID_MOUSE_ReportDesc
                0x00000000240000cc       0x4a ./Middlewares/ST/STM32_USB_Device_Library/Class/HID/Src/usbd_hid.o
 *fill*         0x0000000024000116        0x2 
 .data.HS_Desc  0x0000000024000118       0x1c ./USB_DEVICE/App/usbd_desc.o
                0x0000000024000118                HS_Desc
 .data.USBD_HS_DeviceDesc
                0x0000000024000134       0x12 ./USB_DEVICE/App/usbd_desc.o
                0x0000000024000134                USBD_HS_DeviceDesc
 *fill*         0x0000000024000146        0x2 
 .data.USBD_LangIDDesc
                0x0000000024000148        0x4 ./USB_DEVICE/App/usbd_desc.o
                0x0000000024000148                USBD_LangIDDesc
 .data.USBD_StringSerial
                0x000000002400014c       0x1a ./USB_DEVICE/App/usbd_desc.o
                0x000000002400014c                USBD_StringSerial
 *(.RamFunc)
 *(.RamFunc*)
                0x0000000024000168                . = ALIGN (0x4)
 *fill*         0x0000000024000166        0x2 
                0x0000000024000168                _edata = .

.igot.plt       0x0000000024000168        0x0 load address 0x000000000800a1e0
 .igot.plt      0x0000000024000168        0x0 c:/st/stm32cubeide_1.7.0/stm32cubeide/plugins/com.st.stm32cube.ide.mcu.externaltools.gnu-tools-for-stm32.9-2020-q2-update.win32_2.0.0.202105311346/tools/bin/../lib/gcc/arm-none-eabi/9.3.1/thumb/v7e-m+dp/hard/crtbegin.o

.RxDecripSection
                0x0000000024000168       0x60 load address 0x000000000800a1e0
 .RxDecripSection
                0x0000000024000168       0x60 ./Core/Src/main.o
                0x0000000024000168                DMARxDscrTab

.TxDecripSection
                0x00000000240001c8       0x60 load address 0x000000000800a240
 .TxDecripSection
                0x00000000240001c8       0x60 ./Core/Src/main.o
                0x00000000240001c8                DMATxDscrTab
                0x0000000024000228                . = ALIGN (0x4)

.bss            0x0000000024000228      0xaac load address 0x000000000800a2a0
                0x0000000024000228                _sbss = .
                0x0000000024000228                __bss_start__ = _sbss
 *(.bss)
 .bss           0x0000000024000228       0x1c c:/st/stm32cubeide_1.7.0/stm32cubeide/plugins/com.st.stm32cube.ide.mcu.externaltools.gnu-tools-for-stm32.9-2020-q2-update.win32_2.0.0.202105311346/tools/bin/../lib/gcc/arm-none-eabi/9.3.1/thumb/v7e-m+dp/hard/crtbegin.o
 *(.bss*)
 .bss.MACAddr.12729
                0x0000000024000244        0x6 ./Core/Src/main.o
 .bss.cfgidx.12953
                0x000000002400024a        0x1 ./Middlewares/ST/STM32_USB_Device_Library/Core/Src/usbd_ctlreq.o
 *fill*         0x000000002400024b        0x1 
 .bss.mem.12987
                0x000000002400024c       0x14 ./USB_DEVICE/Target/usbd_conf.o
 *(COMMON)
 COMMON         0x0000000024000260      0x198 ./Core/Src/main.o
                0x0000000024000260                hi2c1
                0x00000000240002ac                huart4
                0x000000002400033c                heth
                0x00000000240003c4                TxConfig
 COMMON         0x00000000240003f8        0x4 ./Drivers/STM32H7xx_HAL_Driver/Src/stm32h7xx_hal.o
                0x00000000240003f8                uwTick
 COMMON         0x00000000240003fc      0x2d0 ./USB_DEVICE/App/usb_device.o
                0x00000000240003fc                hUsbDeviceHS
 COMMON         0x00000000240006cc      0x200 ./USB_DEVICE/App/usbd_desc.o
                0x00000000240006cc                USBD_StrDesc
 COMMON         0x00000000240008cc      0x408 ./USB_DEVICE/Target/usbd_conf.o
                0x00000000240008cc                hpcd_USB_OTG_HS
                0x0000000024000cd4                . = ALIGN (0x4)
                0x0000000024000cd4                _ebss = .
                0x0000000024000cd4                __bss_end__ = _ebss

._user_heap_stack
                0x0000000024000cd4      0x604 load address 0x000000000800a2a0
                0x0000000024000cd8                . = ALIGN (0x8)
 *fill*         0x0000000024000cd4        0x4 
                [!provide]                        PROVIDE (end = .)
                0x0000000024000cd8                PROVIDE (_end = .)
                0x0000000024000ed8                . = (. + _Min_Heap_Size)
 *fill*         0x0000000024000cd8      0x200 
                0x00000000240012d8                . = (. + _Min_Stack_Size)
 *fill*         0x0000000024000ed8      0x400 
                0x00000000240012d8                . = ALIGN (0x8)

/DISCARD/
 libc.a(*)
 libm.a(*)
 libgcc.a(*)

.ARM.attributes
                0x0000000000000000       0x2e
 *(.ARM.attributes)
 .ARM.attributes
                0x0000000000000000       0x1e c:/st/stm32cubeide_1.7.0/stm32cubeide/plugins/com.st.stm32cube.ide.mcu.externaltools.gnu-tools-for-stm32.9-2020-q2-update.win32_2.0.0.202105311346/tools/bin/../lib/gcc/arm-none-eabi/9.3.1/thumb/v7e-m+dp/hard/crti.o
 .ARM.attributes
                0x000000000000001e       0x32 c:/st/stm32cubeide_1.7.0/stm32cubeide/plugins/com.st.stm32cube.ide.mcu.externaltools.gnu-tools-for-stm32.9-2020-q2-update.win32_2.0.0.202105311346/tools/bin/../lib/gcc/arm-none-eabi/9.3.1/thumb/v7e-m+dp/hard/crtbegin.o
 .ARM.attributes
                0x0000000000000050       0x32 ./Core/Src/main.o
 .ARM.attributes
                0x0000000000000082       0x32 ./Core/Src/stm32h7xx_hal_msp.o
 .ARM.attributes
                0x00000000000000b4       0x32 ./Core/Src/stm32h7xx_it.o
 .ARM.attributes
                0x00000000000000e6       0x32 ./Core/Src/system_stm32h7xx.o
 .ARM.attributes
                0x0000000000000118       0x21 ./Core/Startup/startup_stm32h730vbhx.o
 .ARM.attributes
                0x0000000000000139       0x32 ./Drivers/STM32H7xx_HAL_Driver/Src/stm32h7xx_hal.o
 .ARM.attributes
                0x000000000000016b       0x32 ./Drivers/STM32H7xx_HAL_Driver/Src/stm32h7xx_hal_cortex.o
 .ARM.attributes
                0x000000000000019d       0x32 ./Drivers/STM32H7xx_HAL_Driver/Src/stm32h7xx_hal_eth.o
 .ARM.attributes
                0x00000000000001cf       0x32 ./Drivers/STM32H7xx_HAL_Driver/Src/stm32h7xx_hal_gpio.o
 .ARM.attributes
                0x0000000000000201       0x32 ./Drivers/STM32H7xx_HAL_Driver/Src/stm32h7xx_hal_i2c.o
 .ARM.attributes
                0x0000000000000233       0x32 ./Drivers/STM32H7xx_HAL_Driver/Src/stm32h7xx_hal_i2c_ex.o
 .ARM.attributes
                0x0000000000000265       0x32 ./Drivers/STM32H7xx_HAL_Driver/Src/stm32h7xx_hal_pcd.o
 .ARM.attributes
                0x0000000000000297       0x32 ./Drivers/STM32H7xx_HAL_Driver/Src/stm32h7xx_hal_pcd_ex.o
 .ARM.attributes
                0x00000000000002c9       0x32 ./Drivers/STM32H7xx_HAL_Driver/Src/stm32h7xx_hal_pwr_ex.o
 .ARM.attributes
                0x00000000000002fb       0x32 ./Drivers/STM32H7xx_HAL_Driver/Src/stm32h7xx_hal_rcc.o
 .ARM.attributes
                0x000000000000032d       0x32 ./Drivers/STM32H7xx_HAL_Driver/Src/stm32h7xx_hal_rcc_ex.o
 .ARM.attributes
                0x000000000000035f       0x32 ./Drivers/STM32H7xx_HAL_Driver/Src/stm32h7xx_hal_uart.o
 .ARM.attributes
                0x0000000000000391       0x32 ./Drivers/STM32H7xx_HAL_Driver/Src/stm32h7xx_hal_uart_ex.o
 .ARM.attributes
                0x00000000000003c3       0x32 ./Drivers/STM32H7xx_HAL_Driver/Src/stm32h7xx_ll_usb.o
 .ARM.attributes
                0x00000000000003f5       0x32 ./Middlewares/ST/STM32_USB_Device_Library/Class/HID/Src/usbd_hid.o
 .ARM.attributes
                0x0000000000000427       0x32 ./Middlewares/ST/STM32_USB_Device_Library/Core/Src/usbd_core.o
 .ARM.attributes
                0x0000000000000459       0x32 ./Middlewares/ST/STM32_USB_Device_Library/Core/Src/usbd_ctlreq.o
 .ARM.attributes
                0x000000000000048b       0x32 ./Middlewares/ST/STM32_USB_Device_Library/Core/Src/usbd_ioreq.o
 .ARM.attributes
                0x00000000000004bd       0x32 ./USB_DEVICE/App/usb_device.o
 .ARM.attributes
                0x00000000000004ef       0x32 ./USB_DEVICE/App/usbd_desc.o
 .ARM.attributes
                0x0000000000000521       0x32 ./USB_DEVICE/Target/usbd_conf.o
 .ARM.attributes
                0x0000000000000553       0x32 c:/st/stm32cubeide_1.7.0/stm32cubeide/plugins/com.st.stm32cube.ide.mcu.externaltools.gnu-tools-for-stm32.9-2020-q2-update.win32_2.0.0.202105311346/tools/bin/../lib/gcc/arm-none-eabi/9.3.1/../../../../arm-none-eabi/lib/thumb/v7e-m+dp/hard\libc_nano.a(lib_a-init.o)
 .ARM.attributes
                0x0000000000000585       0x32 c:/st/stm32cubeide_1.7.0/stm32cubeide/plugins/com.st.stm32cube.ide.mcu.externaltools.gnu-tools-for-stm32.9-2020-q2-update.win32_2.0.0.202105311346/tools/bin/../lib/gcc/arm-none-eabi/9.3.1/../../../../arm-none-eabi/lib/thumb/v7e-m+dp/hard\libc_nano.a(lib_a-memset.o)
 .ARM.attributes
                0x00000000000005b7       0x1e c:/st/stm32cubeide_1.7.0/stm32cubeide/plugins/com.st.stm32cube.ide.mcu.externaltools.gnu-tools-for-stm32.9-2020-q2-update.win32_2.0.0.202105311346/tools/bin/../lib/gcc/arm-none-eabi/9.3.1/thumb/v7e-m+dp/hard\libgcc.a(_aeabi_uldivmod.o)
 .ARM.attributes
                0x00000000000005d5       0x32 c:/st/stm32cubeide_1.7.0/stm32cubeide/plugins/com.st.stm32cube.ide.mcu.externaltools.gnu-tools-for-stm32.9-2020-q2-update.win32_2.0.0.202105311346/tools/bin/../lib/gcc/arm-none-eabi/9.3.1/thumb/v7e-m+dp/hard\libgcc.a(_udivmoddi4.o)
 .ARM.attributes
                0x0000000000000607       0x1e c:/st/stm32cubeide_1.7.0/stm32cubeide/plugins/com.st.stm32cube.ide.mcu.externaltools.gnu-tools-for-stm32.9-2020-q2-update.win32_2.0.0.202105311346/tools/bin/../lib/gcc/arm-none-eabi/9.3.1/thumb/v7e-m+dp/hard\libgcc.a(_dvmd_tls.o)
 .ARM.attributes
                0x0000000000000625       0x1e c:/st/stm32cubeide_1.7.0/stm32cubeide/plugins/com.st.stm32cube.ide.mcu.externaltools.gnu-tools-for-stm32.9-2020-q2-update.win32_2.0.0.202105311346/tools/bin/../lib/gcc/arm-none-eabi/9.3.1/thumb/v7e-m+dp/hard/crtn.o
OUTPUT(AutoPilot.elf elf32-littlearm)
LOAD linker stubs
LOAD c:/st/stm32cubeide_1.7.0/stm32cubeide/plugins/com.st.stm32cube.ide.mcu.externaltools.gnu-tools-for-stm32.9-2020-q2-update.win32_2.0.0.202105311346/tools/bin/../lib/gcc/arm-none-eabi/9.3.1/../../../../arm-none-eabi/lib/thumb/v7e-m+dp/hard\libc.a
LOAD c:/st/stm32cubeide_1.7.0/stm32cubeide/plugins/com.st.stm32cube.ide.mcu.externaltools.gnu-tools-for-stm32.9-2020-q2-update.win32_2.0.0.202105311346/tools/bin/../lib/gcc/arm-none-eabi/9.3.1/../../../../arm-none-eabi/lib/thumb/v7e-m+dp/hard\libm.a
LOAD c:/st/stm32cubeide_1.7.0/stm32cubeide/plugins/com.st.stm32cube.ide.mcu.externaltools.gnu-tools-for-stm32.9-2020-q2-update.win32_2.0.0.202105311346/tools/bin/../lib/gcc/arm-none-eabi/9.3.1/thumb/v7e-m+dp/hard\libgcc.a

.debug_info     0x0000000000000000    0x2cc31
 .debug_info    0x0000000000000000     0x2ced ./Core/Src/main.o
 .debug_info    0x0000000000002ced     0x2c62 ./Core/Src/stm32h7xx_hal_msp.o
 .debug_info    0x000000000000594f     0x1117 ./Core/Src/stm32h7xx_it.o
 .debug_info    0x0000000000006a66     0x15c5 ./Core/Src/system_stm32h7xx.o
 .debug_info    0x000000000000802b       0x22 ./Core/Startup/startup_stm32h730vbhx.o
 .debug_info    0x000000000000804d     0x211e ./Drivers/STM32H7xx_HAL_Driver/Src/stm32h7xx_hal.o
 .debug_info    0x000000000000a16b     0x1c19 ./Drivers/STM32H7xx_HAL_Driver/Src/stm32h7xx_hal_cortex.o
 .debug_info    0x000000000000bd84     0x3294 ./Drivers/STM32H7xx_HAL_Driver/Src/stm32h7xx_hal_eth.o
 .debug_info    0x000000000000f018     0x17f5 ./Drivers/STM32H7xx_HAL_Driver/Src/stm32h7xx_hal_gpio.o
 .debug_info    0x000000000001080d     0x2d48 ./Drivers/STM32H7xx_HAL_Driver/Src/stm32h7xx_hal_i2c.o
 .debug_info    0x0000000000013555     0x18c5 ./Drivers/STM32H7xx_HAL_Driver/Src/stm32h7xx_hal_i2c_ex.o
 .debug_info    0x0000000000014e1a     0x1c76 ./Drivers/STM32H7xx_HAL_Driver/Src/stm32h7xx_hal_pcd.o
 .debug_info    0x0000000000016a90     0x1333 ./Drivers/STM32H7xx_HAL_Driver/Src/stm32h7xx_hal_pcd_ex.o
 .debug_info    0x0000000000017dc3     0x1919 ./Drivers/STM32H7xx_HAL_Driver/Src/stm32h7xx_hal_pwr_ex.o
 .debug_info    0x00000000000196dc     0x185e ./Drivers/STM32H7xx_HAL_Driver/Src/stm32h7xx_hal_rcc.o
 .debug_info    0x000000000001af3a     0x1ce6 ./Drivers/STM32H7xx_HAL_Driver/Src/stm32h7xx_hal_rcc_ex.o
 .debug_info    0x000000000001cc20     0x2937 ./Drivers/STM32H7xx_HAL_Driver/Src/stm32h7xx_hal_uart.o
 .debug_info    0x000000000001f557     0x178e ./Drivers/STM32H7xx_HAL_Driver/Src/stm32h7xx_hal_uart_ex.o
 .debug_info    0x0000000000020ce5     0x2509 ./Drivers/STM32H7xx_HAL_Driver/Src/stm32h7xx_ll_usb.o
 .debug_info    0x00000000000231ee     0x140b ./Middlewares/ST/STM32_USB_Device_Library/Class/HID/Src/usbd_hid.o
 .debug_info    0x00000000000245f9     0x14ec ./Middlewares/ST/STM32_USB_Device_Library/Core/Src/usbd_core.o
 .debug_info    0x0000000000025ae5     0x14b8 ./Middlewares/ST/STM32_USB_Device_Library/Core/Src/usbd_ctlreq.o
 .debug_info    0x0000000000026f9d     0x11da ./Middlewares/ST/STM32_USB_Device_Library/Core/Src/usbd_ioreq.o
 .debug_info    0x0000000000028177     0x105b ./USB_DEVICE/App/usb_device.o
 .debug_info    0x00000000000291d2      0xf36 ./USB_DEVICE/App/usbd_desc.o
 .debug_info    0x000000000002a108     0x2b29 ./USB_DEVICE/Target/usbd_conf.o

.debug_abbrev   0x0000000000000000     0x48ee
 .debug_abbrev  0x0000000000000000      0x329 ./Core/Src/main.o
 .debug_abbrev  0x0000000000000329      0x2a7 ./Core/Src/stm32h7xx_hal_msp.o
 .debug_abbrev  0x00000000000005d0      0x21e ./Core/Src/stm32h7xx_it.o
 .debug_abbrev  0x00000000000007ee      0x251 ./Core/Src/system_stm32h7xx.o
 .debug_abbrev  0x0000000000000a3f       0x12 ./Core/Startup/startup_stm32h730vbhx.o
 .debug_abbrev  0x0000000000000a51      0x324 ./Drivers/STM32H7xx_HAL_Driver/Src/stm32h7xx_hal.o
 .debug_abbrev  0x0000000000000d75      0x409 ./Drivers/STM32H7xx_HAL_Driver/Src/stm32h7xx_hal_cortex.o
 .debug_abbrev  0x000000000000117e      0x328 ./Drivers/STM32H7xx_HAL_Driver/Src/stm32h7xx_hal_eth.o
 .debug_abbrev  0x00000000000014a6      0x2cb ./Drivers/STM32H7xx_HAL_Driver/Src/stm32h7xx_hal_gpio.o
 .debug_abbrev  0x0000000000001771      0x2e6 ./Drivers/STM32H7xx_HAL_Driver/Src/stm32h7xx_hal_i2c.o
 .debug_abbrev  0x0000000000001a57      0x29e ./Drivers/STM32H7xx_HAL_Driver/Src/stm32h7xx_hal_i2c_ex.o
 .debug_abbrev  0x0000000000001cf5      0x33a ./Drivers/STM32H7xx_HAL_Driver/Src/stm32h7xx_hal_pcd.o
 .debug_abbrev  0x000000000000202f      0x2e0 ./Drivers/STM32H7xx_HAL_Driver/Src/stm32h7xx_hal_pcd_ex.o
 .debug_abbrev  0x000000000000230f      0x33f ./Drivers/STM32H7xx_HAL_Driver/Src/stm32h7xx_hal_pwr_ex.o
 .debug_abbrev  0x000000000000264e      0x311 ./Drivers/STM32H7xx_HAL_Driver/Src/stm32h7xx_hal_rcc.o
 .debug_abbrev  0x000000000000295f      0x31d ./Drivers/STM32H7xx_HAL_Driver/Src/stm32h7xx_hal_rcc_ex.o
 .debug_abbrev  0x0000000000002c7c      0x309 ./Drivers/STM32H7xx_HAL_Driver/Src/stm32h7xx_hal_uart.o
 .debug_abbrev  0x0000000000002f85      0x2a5 ./Drivers/STM32H7xx_HAL_Driver/Src/stm32h7xx_hal_uart_ex.o
 .debug_abbrev  0x000000000000322a      0x352 ./Drivers/STM32H7xx_HAL_Driver/Src/stm32h7xx_ll_usb.o
 .debug_abbrev  0x000000000000357c      0x2f5 ./Middlewares/ST/STM32_USB_Device_Library/Class/HID/Src/usbd_hid.o
 .debug_abbrev  0x0000000000003871      0x2d5 ./Middlewares/ST/STM32_USB_Device_Library/Core/Src/usbd_core.o
 .debug_abbrev  0x0000000000003b46      0x31a ./Middlewares/ST/STM32_USB_Device_Library/Core/Src/usbd_ctlreq.o
 .debug_abbrev  0x0000000000003e60      0x248 ./Middlewares/ST/STM32_USB_Device_Library/Core/Src/usbd_ioreq.o
 .debug_abbrev  0x00000000000040a8      0x219 ./USB_DEVICE/App/usb_device.o
 .debug_abbrev  0x00000000000042c1      0x2f7 ./USB_DEVICE/App/usbd_desc.o
 .debug_abbrev  0x00000000000045b8      0x336 ./USB_DEVICE/Target/usbd_conf.o

.debug_aranges  0x0000000000000000     0x1588
 .debug_aranges
                0x0000000000000000       0x50 ./Core/Src/main.o
 .debug_aranges
                0x0000000000000050       0x50 ./Core/Src/stm32h7xx_hal_msp.o
 .debug_aranges
                0x00000000000000a0       0x68 ./Core/Src/stm32h7xx_it.o
 .debug_aranges
                0x0000000000000108       0x28 ./Core/Src/system_stm32h7xx.o
 .debug_aranges
                0x0000000000000130       0x28 ./Core/Startup/startup_stm32h730vbhx.o
 .debug_aranges
                0x0000000000000158      0x1c8 ./Drivers/STM32H7xx_HAL_Driver/Src/stm32h7xx_hal.o
 .debug_aranges
                0x0000000000000320      0x120 ./Drivers/STM32H7xx_HAL_Driver/Src/stm32h7xx_hal_cortex.o
 .debug_aranges
                0x0000000000000440      0x1b0 ./Drivers/STM32H7xx_HAL_Driver/Src/stm32h7xx_hal_eth.o
 .debug_aranges
                0x00000000000005f0       0x58 ./Drivers/STM32H7xx_HAL_Driver/Src/stm32h7xx_hal_gpio.o
 .debug_aranges
                0x0000000000000648      0x290 ./Drivers/STM32H7xx_HAL_Driver/Src/stm32h7xx_hal_i2c.o
 .debug_aranges
                0x00000000000008d8       0x48 ./Drivers/STM32H7xx_HAL_Driver/Src/stm32h7xx_hal_i2c_ex.o
 .debug_aranges
                0x0000000000000920      0x130 ./Drivers/STM32H7xx_HAL_Driver/Src/stm32h7xx_hal_pcd.o
 .debug_aranges
                0x0000000000000a50       0x60 ./Drivers/STM32H7xx_HAL_Driver/Src/stm32h7xx_hal_pcd_ex.o
 .debug_aranges
                0x0000000000000ab0      0x148 ./Drivers/STM32H7xx_HAL_Driver/Src/stm32h7xx_hal_pwr_ex.o
 .debug_aranges
                0x0000000000000bf8       0x88 ./Drivers/STM32H7xx_HAL_Driver/Src/stm32h7xx_hal_rcc.o
 .debug_aranges
                0x0000000000000c80       0xf8 ./Drivers/STM32H7xx_HAL_Driver/Src/stm32h7xx_hal_rcc_ex.o
 .debug_aranges
                0x0000000000000d78      0x248 ./Drivers/STM32H7xx_HAL_Driver/Src/stm32h7xx_hal_uart.o
 .debug_aranges
                0x0000000000000fc0       0xa0 ./Drivers/STM32H7xx_HAL_Driver/Src/stm32h7xx_hal_uart_ex.o
 .debug_aranges
                0x0000000000001060      0x198 ./Drivers/STM32H7xx_HAL_Driver/Src/stm32h7xx_ll_usb.o
 .debug_aranges
                0x00000000000011f8       0x68 ./Middlewares/ST/STM32_USB_Device_Library/Class/HID/Src/usbd_hid.o
 .debug_aranges
                0x0000000000001260       0xb8 ./Middlewares/ST/STM32_USB_Device_Library/Core/Src/usbd_core.o
 .debug_aranges
                0x0000000000001318       0x90 ./Middlewares/ST/STM32_USB_Device_Library/Core/Src/usbd_ctlreq.o
 .debug_aranges
                0x00000000000013a8       0x50 ./Middlewares/ST/STM32_USB_Device_Library/Core/Src/usbd_ioreq.o
 .debug_aranges
                0x00000000000013f8       0x20 ./USB_DEVICE/App/usb_device.o
 .debug_aranges
                0x0000000000001418       0x60 ./USB_DEVICE/App/usbd_desc.o
 .debug_aranges
                0x0000000000001478      0x110 ./USB_DEVICE/Target/usbd_conf.o

.debug_ranges   0x0000000000000000     0x1420
 .debug_ranges  0x0000000000000000       0x40 ./Core/Src/main.o
 .debug_ranges  0x0000000000000040       0x40 ./Core/Src/stm32h7xx_hal_msp.o
 .debug_ranges  0x0000000000000080       0x58 ./Core/Src/stm32h7xx_it.o
 .debug_ranges  0x00000000000000d8       0x18 ./Core/Src/system_stm32h7xx.o
 .debug_ranges  0x00000000000000f0       0x20 ./Core/Startup/startup_stm32h730vbhx.o
 .debug_ranges  0x0000000000000110      0x1b8 ./Drivers/STM32H7xx_HAL_Driver/Src/stm32h7xx_hal.o
 .debug_ranges  0x00000000000002c8      0x110 ./Drivers/STM32H7xx_HAL_Driver/Src/stm32h7xx_hal_cortex.o
 .debug_ranges  0x00000000000003d8      0x1a0 ./Drivers/STM32H7xx_HAL_Driver/Src/stm32h7xx_hal_eth.o
 .debug_ranges  0x0000000000000578       0x48 ./Drivers/STM32H7xx_HAL_Driver/Src/stm32h7xx_hal_gpio.o
 .debug_ranges  0x00000000000005c0      0x280 ./Drivers/STM32H7xx_HAL_Driver/Src/stm32h7xx_hal_i2c.o
 .debug_ranges  0x0000000000000840       0x38 ./Drivers/STM32H7xx_HAL_Driver/Src/stm32h7xx_hal_i2c_ex.o
 .debug_ranges  0x0000000000000878      0x120 ./Drivers/STM32H7xx_HAL_Driver/Src/stm32h7xx_hal_pcd.o
 .debug_ranges  0x0000000000000998       0x50 ./Drivers/STM32H7xx_HAL_Driver/Src/stm32h7xx_hal_pcd_ex.o
 .debug_ranges  0x00000000000009e8      0x138 ./Drivers/STM32H7xx_HAL_Driver/Src/stm32h7xx_hal_pwr_ex.o
 .debug_ranges  0x0000000000000b20       0x78 ./Drivers/STM32H7xx_HAL_Driver/Src/stm32h7xx_hal_rcc.o
 .debug_ranges  0x0000000000000b98       0xe8 ./Drivers/STM32H7xx_HAL_Driver/Src/stm32h7xx_hal_rcc_ex.o
 .debug_ranges  0x0000000000000c80      0x268 ./Drivers/STM32H7xx_HAL_Driver/Src/stm32h7xx_hal_uart.o
 .debug_ranges  0x0000000000000ee8       0x90 ./Drivers/STM32H7xx_HAL_Driver/Src/stm32h7xx_hal_uart_ex.o
 .debug_ranges  0x0000000000000f78      0x188 ./Drivers/STM32H7xx_HAL_Driver/Src/stm32h7xx_ll_usb.o
 .debug_ranges  0x0000000000001100       0x58 ./Middlewares/ST/STM32_USB_Device_Library/Class/HID/Src/usbd_hid.o
 .debug_ranges  0x0000000000001158       0xa8 ./Middlewares/ST/STM32_USB_Device_Library/Core/Src/usbd_core.o
 .debug_ranges  0x0000000000001200       0x80 ./Middlewares/ST/STM32_USB_Device_Library/Core/Src/usbd_ctlreq.o
 .debug_ranges  0x0000000000001280       0x40 ./Middlewares/ST/STM32_USB_Device_Library/Core/Src/usbd_ioreq.o
 .debug_ranges  0x00000000000012c0       0x10 ./USB_DEVICE/App/usb_device.o
 .debug_ranges  0x00000000000012d0       0x50 ./USB_DEVICE/App/usbd_desc.o
 .debug_ranges  0x0000000000001320      0x100 ./USB_DEVICE/Target/usbd_conf.o

.debug_macro    0x0000000000000000    0x366df
 .debug_macro   0x0000000000000000      0x428 ./Core/Src/main.o
 .debug_macro   0x0000000000000428      0xac0 ./Core/Src/main.o
 .debug_macro   0x0000000000000ee8      0x23e ./Core/Src/main.o
 .debug_macro   0x0000000000001126       0x2e ./Core/Src/main.o
 .debug_macro   0x0000000000001154       0x3b ./Core/Src/main.o
 .debug_macro   0x000000000000118f       0x22 ./Core/Src/main.o
 .debug_macro   0x00000000000011b1       0x8e ./Core/Src/main.o
 .debug_macro   0x000000000000123f       0x51 ./Core/Src/main.o
 .debug_macro   0x0000000000001290      0x103 ./Core/Src/main.o
 .debug_macro   0x0000000000001393       0x6a ./Core/Src/main.o
 .debug_macro   0x00000000000013fd      0x1df ./Core/Src/main.o
 .debug_macro   0x00000000000015dc       0x1c ./Core/Src/main.o
 .debug_macro   0x00000000000015f8       0x22 ./Core/Src/main.o
 .debug_macro   0x000000000000161a      0x101 ./Core/Src/main.o
 .debug_macro   0x000000000000171b     0x1305 ./Core/Src/main.o
 .debug_macro   0x0000000000002a20      0x11f ./Core/Src/main.o
 .debug_macro   0x0000000000002b3f       0x27 ./Core/Src/main.o
 .debug_macro   0x0000000000002b66    0x21b60 ./Core/Src/main.o
 .debug_macro   0x00000000000246c6       0x43 ./Core/Src/main.o
 .debug_macro   0x0000000000024709     0x3cbe ./Core/Src/main.o
 .debug_macro   0x00000000000283c7      0x174 ./Core/Src/main.o
 .debug_macro   0x000000000002853b       0x52 ./Core/Src/main.o
 .debug_macro   0x000000000002858d       0x17 ./Core/Src/main.o
 .debug_macro   0x00000000000285a4       0x3c ./Core/Src/main.o
 .debug_macro   0x00000000000285e0       0x34 ./Core/Src/main.o
 .debug_macro   0x0000000000028614       0x16 ./Core/Src/main.o
 .debug_macro   0x000000000002862a       0x43 ./Core/Src/main.o
 .debug_macro   0x000000000002866d       0x34 ./Core/Src/main.o
 .debug_macro   0x00000000000286a1       0x10 ./Core/Src/main.o
 .debug_macro   0x00000000000286b1       0x58 ./Core/Src/main.o
 .debug_macro   0x0000000000028709       0x71 ./Core/Src/main.o
 .debug_macro   0x000000000002877a       0x1c ./Core/Src/main.o
 .debug_macro   0x0000000000028796      0x12a ./Core/Src/main.o
 .debug_macro   0x00000000000288c0      0x333 ./Core/Src/main.o
 .debug_macro   0x0000000000028bf3      0x1a9 ./Core/Src/main.o
 .debug_macro   0x0000000000028d9c       0x5d ./Core/Src/main.o
 .debug_macro   0x0000000000028df9     0x257a ./Core/Src/main.o
 .debug_macro   0x000000000002b373     0x104f ./Core/Src/main.o
 .debug_macro   0x000000000002c3c2      0x14d ./Core/Src/main.o
 .debug_macro   0x000000000002c50f      0x117 ./Core/Src/main.o
 .debug_macro   0x000000000002c626      0x3f8 ./Core/Src/main.o
 .debug_macro   0x000000000002ca1e       0x27 ./Core/Src/main.o
 .debug_macro   0x000000000002ca45      0x788 ./Core/Src/main.o
 .debug_macro   0x000000000002d1cd      0x229 ./Core/Src/main.o
 .debug_macro   0x000000000002d3f6       0x66 ./Core/Src/main.o
 .debug_macro   0x000000000002d45c      0x3a6 ./Core/Src/main.o
 .debug_macro   0x000000000002d802      0xa59 ./Core/Src/main.o
 .debug_macro   0x000000000002e25b      0x129 ./Core/Src/main.o
 .debug_macro   0x000000000002e384      0x3fa ./Core/Src/main.o
 .debug_macro   0x000000000002e77e      0x275 ./Core/Src/main.o
 .debug_macro   0x000000000002e9f3      0x3cb ./Core/Src/main.o
 .debug_macro   0x000000000002edbe      0x45c ./Core/Src/main.o
 .debug_macro   0x000000000002f21a       0x3c ./Core/Src/main.o
 .debug_macro   0x000000000002f256       0x4a ./Core/Src/main.o
 .debug_macro   0x000000000002f2a0      0x22c ./Core/Src/main.o
 .debug_macro   0x000000000002f4cc       0x67 ./Core/Src/main.o
 .debug_macro   0x000000000002f533       0xa5 ./Core/Src/main.o
 .debug_macro   0x000000000002f5d8      0x1c5 ./Core/Src/main.o
 .debug_macro   0x000000000002f79d      0x22b ./Core/Src/main.o
 .debug_macro   0x000000000002f9c8       0x35 ./Core/Src/main.o
 .debug_macro   0x000000000002f9fd      0x67e ./Core/Src/main.o
 .debug_macro   0x000000000003007b       0xa6 ./Core/Src/main.o
 .debug_macro   0x0000000000030121      0x21e ./Core/Src/main.o
 .debug_macro   0x000000000003033f       0x90 ./Core/Src/main.o
 .debug_macro   0x00000000000303cf      0x5e6 ./Core/Src/main.o
 .debug_macro   0x00000000000309b5       0x4c ./Core/Src/main.o
 .debug_macro   0x0000000000030a01       0x16 ./Core/Src/main.o
 .debug_macro   0x0000000000030a17       0x35 ./Core/Src/main.o
 .debug_macro   0x0000000000030a4c       0x20 ./Core/Src/main.o
 .debug_macro   0x0000000000030a6c       0x1c ./Core/Src/main.o
 .debug_macro   0x0000000000030a88       0x10 ./Core/Src/main.o
 .debug_macro   0x0000000000030a98       0x10 ./Core/Src/main.o
 .debug_macro   0x0000000000030aa8       0x1c ./Core/Src/main.o
 .debug_macro   0x0000000000030ac4       0x52 ./Core/Src/main.o
 .debug_macro   0x0000000000030b16       0x22 ./Core/Src/main.o
 .debug_macro   0x0000000000030b38       0x10 ./Core/Src/main.o
 .debug_macro   0x0000000000030b48       0x40 ./Core/Src/main.o
 .debug_macro   0x0000000000030b88       0xd5 ./Core/Src/main.o
 .debug_macro   0x0000000000030c5d       0x1c ./Core/Src/main.o
 .debug_macro   0x0000000000030c79       0x3d ./Core/Src/main.o
 .debug_macro   0x0000000000030cb6       0x16 ./Core/Src/main.o
 .debug_macro   0x0000000000030ccc      0x145 ./Core/Src/main.o
 .debug_macro   0x0000000000030e11       0x16 ./Core/Src/main.o
 .debug_macro   0x0000000000030e27       0x16 ./Core/Src/main.o
 .debug_macro   0x0000000000030e3d       0x29 ./Core/Src/main.o
 .debug_macro   0x0000000000030e66       0x6b ./Core/Src/main.o
 .debug_macro   0x0000000000030ed1      0x1ef ./Core/Src/main.o
 .debug_macro   0x00000000000310c0      0x2db ./Core/Src/stm32h7xx_hal_msp.o
 .debug_macro   0x000000000003139b      0x2e5 ./Core/Src/stm32h7xx_it.o
 .debug_macro   0x0000000000031680      0x2d2 ./Core/Src/system_stm32h7xx.o
 .debug_macro   0x0000000000031952      0x2f6 ./Drivers/STM32H7xx_HAL_Driver/Src/stm32h7xx_hal.o
 .debug_macro   0x0000000000031c48      0x2cc ./Drivers/STM32H7xx_HAL_Driver/Src/stm32h7xx_hal_cortex.o
 .debug_macro   0x0000000000031f14      0x359 ./Drivers/STM32H7xx_HAL_Driver/Src/stm32h7xx_hal_eth.o
 .debug_macro   0x000000000003226d      0x308 ./Drivers/STM32H7xx_HAL_Driver/Src/stm32h7xx_hal_gpio.o
 .debug_macro   0x0000000000032575      0x391 ./Drivers/STM32H7xx_HAL_Driver/Src/stm32h7xx_hal_i2c.o
 .debug_macro   0x0000000000032906      0x2cc ./Drivers/STM32H7xx_HAL_Driver/Src/stm32h7xx_hal_i2c_ex.o
 .debug_macro   0x0000000000032bd2      0x2d8 ./Drivers/STM32H7xx_HAL_Driver/Src/stm32h7xx_hal_pcd.o
 .debug_macro   0x0000000000032eaa      0x2cc ./Drivers/STM32H7xx_HAL_Driver/Src/stm32h7xx_hal_pcd_ex.o
 .debug_macro   0x0000000000033176      0x305 ./Drivers/STM32H7xx_HAL_Driver/Src/stm32h7xx_hal_pwr_ex.o
 .debug_macro   0x000000000003347b      0x2f0 ./Drivers/STM32H7xx_HAL_Driver/Src/stm32h7xx_hal_rcc.o
 .debug_macro   0x000000000003376b      0x2ea ./Drivers/STM32H7xx_HAL_Driver/Src/stm32h7xx_hal_rcc_ex.o
 .debug_macro   0x0000000000033a55      0x2f7 ./Drivers/STM32H7xx_HAL_Driver/Src/stm32h7xx_hal_uart.o
 .debug_macro   0x0000000000033d4c      0x2d8 ./Drivers/STM32H7xx_HAL_Driver/Src/stm32h7xx_hal_uart_ex.o
 .debug_macro   0x0000000000034024      0x2cc ./Drivers/STM32H7xx_HAL_Driver/Src/stm32h7xx_ll_usb.o
 .debug_macro   0x00000000000342f0      0x459 ./Middlewares/ST/STM32_USB_Device_Library/Class/HID/Src/usbd_hid.o
 .debug_macro   0x0000000000034749       0x16 ./Middlewares/ST/STM32_USB_Device_Library/Class/HID/Src/usbd_hid.o
 .debug_macro   0x000000000003475f       0x97 ./Middlewares/ST/STM32_USB_Device_Library/Class/HID/Src/usbd_hid.o
 .debug_macro   0x00000000000347f6       0xfd ./Middlewares/ST/STM32_USB_Device_Library/Class/HID/Src/usbd_hid.o
 .debug_macro   0x00000000000348f3       0xfb ./Middlewares/ST/STM32_USB_Device_Library/Class/HID/Src/usbd_hid.o
 .debug_macro   0x00000000000349ee       0x5e ./Middlewares/ST/STM32_USB_Device_Library/Class/HID/Src/usbd_hid.o
 .debug_macro   0x0000000000034a4c      0x440 ./Middlewares/ST/STM32_USB_Device_Library/Core/Src/usbd_core.o
 .debug_macro   0x0000000000034e8c      0x1f5 ./Middlewares/ST/STM32_USB_Device_Library/Core/Src/usbd_core.o
 .debug_macro   0x0000000000035081      0x44a ./Middlewares/ST/STM32_USB_Device_Library/Core/Src/usbd_ctlreq.o
 .debug_macro   0x00000000000354cb      0x446 ./Middlewares/ST/STM32_USB_Device_Library/Core/Src/usbd_ioreq.o
 .debug_macro   0x0000000000035911      0x46a ./USB_DEVICE/App/usb_device.o
 .debug_macro   0x0000000000035d7b       0x52 ./USB_DEVICE/App/usb_device.o
 .debug_macro   0x0000000000035dcd       0x22 ./USB_DEVICE/App/usb_device.o
 .debug_macro   0x0000000000035def      0x47d ./USB_DEVICE/App/usbd_desc.o
 .debug_macro   0x000000000003626c       0x1c ./USB_DEVICE/App/usbd_desc.o
 .debug_macro   0x0000000000036288      0x457 ./USB_DEVICE/Target/usbd_conf.o

.debug_line     0x0000000000000000    0x1b9a0
 .debug_line    0x0000000000000000      0xbcc ./Core/Src/main.o
 .debug_line    0x0000000000000bcc      0x9da ./Core/Src/stm32h7xx_hal_msp.o
 .debug_line    0x00000000000015a6      0x97b ./Core/Src/stm32h7xx_it.o
 .debug_line    0x0000000000001f21      0xa4c ./Core/Src/system_stm32h7xx.o
 .debug_line    0x000000000000296d       0x88 ./Core/Startup/startup_stm32h730vbhx.o
 .debug_line    0x00000000000029f5      0xedf ./Drivers/STM32H7xx_HAL_Driver/Src/stm32h7xx_hal.o
 .debug_line    0x00000000000038d4      0xe54 ./Drivers/STM32H7xx_HAL_Driver/Src/stm32h7xx_hal_cortex.o
 .debug_line    0x0000000000004728     0x1c5f ./Drivers/STM32H7xx_HAL_Driver/Src/stm32h7xx_hal_eth.o
 .debug_line    0x0000000000006387      0xd05 ./Drivers/STM32H7xx_HAL_Driver/Src/stm32h7xx_hal_gpio.o
 .debug_line    0x000000000000708c     0x379d ./Drivers/STM32H7xx_HAL_Driver/Src/stm32h7xx_hal_i2c.o
 .debug_line    0x000000000000a829      0xabe ./Drivers/STM32H7xx_HAL_Driver/Src/stm32h7xx_hal_i2c_ex.o
 .debug_line    0x000000000000b2e7     0x14d0 ./Drivers/STM32H7xx_HAL_Driver/Src/stm32h7xx_hal_pcd.o
 .debug_line    0x000000000000c7b7      0xa7c ./Drivers/STM32H7xx_HAL_Driver/Src/stm32h7xx_hal_pcd_ex.o
 .debug_line    0x000000000000d233      0xec3 ./Drivers/STM32H7xx_HAL_Driver/Src/stm32h7xx_hal_pwr_ex.o